Return-Path: <iommu-bounces@lists.linux-foundation.org>
X-Original-To: lists.iommu@lfdr.de
Delivered-To: lists.iommu@lfdr.de
Received: from hemlock.osuosl.org (smtp2.osuosl.org [140.211.166.133])
	by mail.lfdr.de (Postfix) with ESMTPS id BE56C1136CC
	for <lists.iommu@lfdr.de>; Wed,  4 Dec 2019 21:54:00 +0100 (CET)
Received: from localhost (localhost [127.0.0.1])
	by hemlock.osuosl.org (Postfix) with ESMTP id 29CE48851E;
	Wed,  4 Dec 2019 20:53:59 +0000 (UTC)
X-Virus-Scanned: amavisd-new at osuosl.org
Received: from hemlock.osuosl.org ([127.0.0.1])
	by localhost (.osuosl.org [127.0.0.1]) (amavisd-new, port 10024)
	with ESMTP id LqSRIkIXeU1W; Wed,  4 Dec 2019 20:53:32 +0000 (UTC)
Received: from lists.linuxfoundation.org (lf-lists.osuosl.org [140.211.9.56])
	by hemlock.osuosl.org (Postfix) with ESMTP id 24814884F4;
	Wed,  4 Dec 2019 20:53:32 +0000 (UTC)
Received: from lf-lists.osuosl.org (localhost [127.0.0.1])
	by lists.linuxfoundation.org (Postfix) with ESMTP id 81F7BC077D;
	Wed,  4 Dec 2019 20:53:31 +0000 (UTC)
X-Original-To: iommu@lists.linux-foundation.org
Delivered-To: iommu@lists.linuxfoundation.org
Received: from hemlock.osuosl.org (smtp2.osuosl.org [140.211.166.133])
 by lists.linuxfoundation.org (Postfix) with ESMTP id 4A508C077D
 for <iommu@lists.linux-foundation.org>; Wed,  4 Dec 2019 20:53:29 +0000 (UTC)
Received: from localhost (localhost [127.0.0.1])
 by hemlock.osuosl.org (Postfix) with ESMTP id 2659C884F0
 for <iommu@lists.linux-foundation.org>; Wed,  4 Dec 2019 20:53:29 +0000 (UTC)
X-Virus-Scanned: amavisd-new at osuosl.org
Received: from hemlock.osuosl.org ([127.0.0.1])
 by localhost (.osuosl.org [127.0.0.1]) (amavisd-new, port 10024)
 with ESMTP id 3pdJ7CuZIAfg for <iommu@lists.linux-foundation.org>;
 Wed,  4 Dec 2019 20:53:13 +0000 (UTC)
X-Greylist: domain auto-whitelisted by SQLgrey-1.7.6
Received: from us-smtp-1.mimecast.com (us-smtp-delivery-1.mimecast.com
 [205.139.110.120])
 by hemlock.osuosl.org (Postfix) with ESMTPS id C8186884E9
 for <iommu@lists.linux-foundation.org>; Wed,  4 Dec 2019 20:53:12 +0000 (UTC)
DKIM-Signature: v=1; a=rsa-sha256; c=relaxed/relaxed; d=redhat.com;
 s=mimecast20190719; t=1575492791;
 h=from:from:reply-to:reply-to:subject:subject:date:date:
 message-id:message-id:to:to:cc:cc:mime-version:mime-version:
 content-type:content-type:in-reply-to:in-reply-to:  references:references;
 bh=FrkXA35psRzLSlJpRkEMORXSUXwQbXw2Rwaz/F+OUXQ=;
 b=AqhgiEDaqGNslG1gUxS++kMWpMZEihDNehG3kYI+a6goLvcmKo0YPyFgjVcFdGSeGqCbvi
 5FXfhsR7gr+YWdoTQppcQtIqwOwq2pVWwZyhNAHi+qLhgKEVYPwHPiFJSl3TKFvhAIUH1i
 +w2fxdvmhLutbO0mng4D4YGh7pBiMPI=
Received: from mail-qk1-f198.google.com (mail-qk1-f198.google.com
 [209.85.222.198]) (Using TLS) by relay.mimecast.com with ESMTP id
 us-mta-418-wBxcCfzoMzCIsI348gSqng-1; Wed, 04 Dec 2019 15:53:05 -0500
Received: by mail-qk1-f198.google.com with SMTP id a186so641864qkb.18
 for <iommu@lists.linux-foundation.org>; Wed, 04 Dec 2019 12:53:05 -0800 (PST)
X-Google-DKIM-Signature: v=1; a=rsa-sha256; c=relaxed/relaxed;
 d=1e100.net; s=20161025;
 h=x-gm-message-state:date:from:to:cc:subject:message-id:reply-to
 :references:mime-version:content-disposition
 :content-transfer-encoding:in-reply-to;
 bh=zPgP3B5c5LloNzEyDTOZ+86LhhWRe+DVzl6ulbCny4c=;
 b=GxH/mGW2Cqw/hxUnEHIJti4sG7OiFCZFSbN0VgMwu1NnkVjWLTpIqZNfSfDWSnUdLa
 S48wTN1iVgJZbjhiEJKFojaSqYTAjMAqfZT2xR2XduRVkTsKBZvRPjS1bDz3vdh4kG5r
 zJj/vhz9jENUyyVC8N2pySqJPa0/q1FlqXikHxUQ5veAjXlT/+QitNSPS22W2XcD1nEX
 JDmeM5RDd56Q2vMk5NmeLLooqMRhdzRex7I+NUyKSd7JP08Gm78oPKMLCbzK0r7c2nqH
 58PFYT0m41C91QLlYYUImeMHzvoaI6k2009zaSf2z2e+pTIog2Po+XKSp9ECINP4wWD5
 JaOw==
X-Gm-Message-State: APjAAAUMsPYtg9tU0xAlXaihguw9jf4VnH8Nb/ZwQj5PnP/5/DVzEGdg
 cRYjbHRuD5cVLLdNU+z4VO2GyE2b2dxg0uOyF+QC8PJyrberuQEZKaWBwmGV5dYOO2xfz0wj21h
 FkPAkDAcjh0SpT61HHEuaiIzJ8xVUhg==
X-Received: by 2002:ac8:323a:: with SMTP id x55mr4823198qta.376.1575492784943; 
 Wed, 04 Dec 2019 12:53:04 -0800 (PST)
X-Google-Smtp-Source: APXvYqywrxKaPbiumGHH5/zOUjTiJi31hIdUtZ4D14wIqBt4bcygRnoRfDjbhhA1oLnQ/OQL6NsvhQ==
X-Received: by 2002:ac8:323a:: with SMTP id x55mr4823182qta.376.1575492784587; 
 Wed, 04 Dec 2019 12:53:04 -0800 (PST)
Received: from localhost (ip70-163-223-149.ph.ph.cox.net. [70.163.223.149])
 by smtp.gmail.com with ESMTPSA id 206sm4160497qkf.132.2019.12.04.12.53.02
 (version=TLS1_3 cipher=TLS_AES_256_GCM_SHA384 bits=256/256);
 Wed, 04 Dec 2019 12:53:03 -0800 (PST)
Date: Wed, 4 Dec 2019 13:53:00 -0700
From: Jerry Snitselaar <jsnitsel@redhat.com>
To: Lu Baolu <baolu.lu@linux.intel.com>
Subject: Re: dmar pte read access not set error messages on hp dl388 gen8
 systems
Message-ID: <20191204205300.4jiexjqfpnqlcagu@cantor>
References: <20191202063422.3lyfoerkejig4num@cantor>
 <702d8a8a-88de-bffb-911e-9eb9a6a7845d@linux.intel.com>
 <20191202071406.jpq5qobbtnwhktlc@cantor>
 <20191202161332.ctc3y5cvdgqwnz7l@cantor>
 <14bbe41c-61e9-d2b6-31cb-67c0b1ad11da@linux.intel.com>
 <20191203095636.epmuinnrpykecfda@cantor>
 <5ce8d57e-25f0-5d28-7408-92c650ba54aa@linux.intel.com>
MIME-Version: 1.0
In-Reply-To: <5ce8d57e-25f0-5d28-7408-92c650ba54aa@linux.intel.com>
X-MC-Unique: wBxcCfzoMzCIsI348gSqng-1
X-Mimecast-Spam-Score: 0
Content-Type: multipart/mixed; boundary="omz5tebd6o7fekfs"
Content-Disposition: inline
Cc: iommu@lists.linux-foundation.org
X-BeenThere: iommu@lists.linux-foundation.org
X-Mailman-Version: 2.1.15
Precedence: list
List-Id: Development issues for Linux IOMMU support
 <iommu.lists.linux-foundation.org>
List-Unsubscribe: <https://lists.linuxfoundation.org/mailman/options/iommu>,
 <mailto:iommu-request@lists.linux-foundation.org?subject=unsubscribe>
List-Archive: <http://lists.linuxfoundation.org/pipermail/iommu/>
List-Post: <mailto:iommu@lists.linux-foundation.org>
List-Help: <mailto:iommu-request@lists.linux-foundation.org?subject=help>
List-Subscribe: <https://lists.linuxfoundation.org/mailman/listinfo/iommu>,
 <mailto:iommu-request@lists.linux-foundation.org?subject=subscribe>
Reply-To: Jerry Snitselaar <jsnitsel@redhat.com>
Errors-To: iommu-bounces@lists.linux-foundation.org
Sender: "iommu" <iommu-bounces@lists.linux-foundation.org>

--omz5tebd6o7fekfs
Content-Type: text/plain; charset=utf-8; format=flowed
Content-Disposition: inline
Content-Transfer-Encoding: quoted-printable

On Wed Dec 04 19, Lu Baolu wrote:
>Hi,
>
>On 12/3/19 5:56 PM, Jerry Snitselaar wrote:
>>On Tue Dec 03 19, Lu Baolu wrote:
>>>Hi,
>>>
>>>On 12/3/19 12:13 AM, Jerry Snitselaar wrote:
>>>>On Mon Dec 02 19, Jerry Snitselaar wrote:
>>>>>On Mon Dec 02 19, Lu Baolu wrote:
>>>>>>Hi,
>>>>>>
>>>>>>On 12/2/19 2:34 PM, Jerry Snitselaar wrote:
>>>>>>>We are seeing DMAR PTE read access not set errors when booting a
>>>>>>>kernel with default passthrough, both with a test kernel and with
>>>>>>>a 5.4.0 kernel. Previously we would see a number of identity mapping=
s
>>>>>>>being set related to the rmrrs, and now they aren't seen and we get
>>>>>>>the dmar pte errors as devices touch those regions. From=20
>>>>>>>what I can tell
>>>>>>>currently df4f3c603aeb ("iommu/vt-d: Remove static=20
>>>>>>>identity map code")
>>>>>>>removed the bit of code in init_dmars that used to set up those
>>>>>>>mappings:
>>>>>>>
>>>>>>>-=C2=A0=C2=A0=C2=A0=C2=A0=C2=A0=C2=A0 /*
>>>>>>>-=C2=A0=C2=A0=C2=A0=C2=A0=C2=A0=C2=A0=C2=A0 * For each rmrr
>>>>>>>-=C2=A0=C2=A0=C2=A0=C2=A0=C2=A0=C2=A0=C2=A0 *=C2=A0=C2=A0 for each d=
ev attached to rmrr
>>>>>>>-=C2=A0=C2=A0=C2=A0=C2=A0=C2=A0=C2=A0=C2=A0 *=C2=A0=C2=A0 do
>>>>>>>-=C2=A0=C2=A0=C2=A0=C2=A0=C2=A0=C2=A0=C2=A0 *=C2=A0=C2=A0=C2=A0=C2=
=A0 locate drhd for dev, alloc domain for dev
>>>>>>>-=C2=A0=C2=A0=C2=A0=C2=A0=C2=A0=C2=A0=C2=A0 *=C2=A0=C2=A0=C2=A0=C2=
=A0 allocate free domain
>>>>>>>-=C2=A0=C2=A0=C2=A0=C2=A0=C2=A0=C2=A0=C2=A0 *=C2=A0=C2=A0=C2=A0=C2=
=A0 allocate page table entries for rmrr
>>>>>>>-=C2=A0=C2=A0=C2=A0=C2=A0=C2=A0=C2=A0=C2=A0 *=C2=A0=C2=A0=C2=A0=C2=
=A0 if context not allocated for bus
>>>>>>>-=C2=A0=C2=A0=C2=A0=C2=A0=C2=A0=C2=A0=C2=A0 *=C2=A0=C2=A0=C2=A0=C2=
=A0=C2=A0=C2=A0=C2=A0=C2=A0=C2=A0=C2=A0 allocate and init context
>>>>>>>-=C2=A0=C2=A0=C2=A0=C2=A0=C2=A0=C2=A0=C2=A0 *=C2=A0=C2=A0=C2=A0=C2=
=A0=C2=A0=C2=A0=C2=A0=C2=A0=C2=A0=C2=A0 set present in root table for this =
bus
>>>>>>>-=C2=A0=C2=A0=C2=A0=C2=A0=C2=A0=C2=A0=C2=A0 *=C2=A0=C2=A0=C2=A0=C2=
=A0 init context with domain, translation etc
>>>>>>>-=C2=A0=C2=A0=C2=A0=C2=A0=C2=A0=C2=A0=C2=A0 *=C2=A0=C2=A0=C2=A0 endf=
or
>>>>>>>-=C2=A0=C2=A0=C2=A0=C2=A0=C2=A0=C2=A0=C2=A0 * endfor
>>>>>>>-=C2=A0=C2=A0=C2=A0=C2=A0=C2=A0=C2=A0=C2=A0 */
>>>>>>>-=C2=A0=C2=A0=C2=A0=C2=A0=C2=A0=C2=A0 pr_info("Setting RMRR:\n");
>>>>>>>-=C2=A0=C2=A0=C2=A0=C2=A0=C2=A0=C2=A0 for_each_rmrr_units(rmrr) {
>>>>>>>-=C2=A0=C2=A0=C2=A0=C2=A0=C2=A0=C2=A0=C2=A0=C2=A0=C2=A0=C2=A0=C2=A0=
=C2=A0=C2=A0=C2=A0 /* some BIOS lists non-exist devices in=20
>>>>>>>DMAR table. */
>>>>>>>-=C2=A0=C2=A0=C2=A0=C2=A0=C2=A0=C2=A0=C2=A0=C2=A0=C2=A0=C2=A0=C2=A0=
=C2=A0=C2=A0=C2=A0 for_each_active_dev_scope(rmrr->devices,=20
>>>>>>>rmrr->devices_cnt,
>>>>>>>-=C2=A0=C2=A0=C2=A0=C2=A0=C2=A0=C2=A0=C2=A0=C2=A0=C2=A0=C2=A0=C2=A0=
=C2=A0=C2=A0=C2=A0=C2=A0=C2=A0=C2=A0=C2=A0=C2=A0=C2=A0=C2=A0=C2=A0=C2=A0=C2=
=A0=C2=A0=C2=A0=C2=A0=C2=A0=C2=A0=C2=A0=C2=A0=C2=A0=C2=A0=C2=A0=C2=A0=C2=A0=
=C2=A0=C2=A0=C2=A0=C2=A0 i, dev) {
>>>>>>>-=C2=A0=C2=A0=C2=A0=C2=A0=C2=A0=C2=A0=C2=A0=C2=A0=C2=A0=C2=A0=C2=A0=
=C2=A0=C2=A0=C2=A0=C2=A0=C2=A0=C2=A0=C2=A0=C2=A0=C2=A0=C2=A0=C2=A0 ret =3D =
iommu_prepare_rmrr_dev(rmrr, dev);
>>>>>>>-=C2=A0=C2=A0=C2=A0=C2=A0=C2=A0=C2=A0=C2=A0=C2=A0=C2=A0=C2=A0=C2=A0=
=C2=A0=C2=A0=C2=A0=C2=A0=C2=A0=C2=A0=C2=A0=C2=A0=C2=A0=C2=A0=C2=A0 if (ret)
>>>>>>>-=C2=A0=C2=A0=C2=A0=C2=A0=C2=A0=C2=A0=C2=A0=C2=A0=C2=A0=C2=A0=C2=A0=
=C2=A0=C2=A0=C2=A0=C2=A0=C2=A0=C2=A0=C2=A0=C2=A0=C2=A0=C2=A0=C2=A0=C2=A0=C2=
=A0=C2=A0=C2=A0=C2=A0=C2=A0=C2=A0=C2=A0 pr_err("Mapping reserved=20
>>>>>>>region failed\n");
>>>>>>>-=C2=A0=C2=A0=C2=A0=C2=A0=C2=A0=C2=A0=C2=A0=C2=A0=C2=A0=C2=A0=C2=A0=
=C2=A0=C2=A0=C2=A0 }
>>>>>>>-=C2=A0=C2=A0=C2=A0=C2=A0=C2=A0=C2=A0 }
>>>>>>>
>>>>>>>si_domain_init now has code that sets identity maps for=20
>>>>>>>devices in rmrrs, but
>>>>>>>only for certain devices.
>>>>>>
>>>>>>On which device, are you seeing this error? Is it a rmrr=20
>>>>>>locked device?
>>>>>>
>>>>>>Best regards,
>>>>>>baolu
>>>>>>
>>>>>
>>>>>Almost all of the messages are for the ilo, but there also is=20
>>>>>a message for
>>>>>the smart array raid bus controller.
>>>>>
>>>>
>>>>Also seeing it with a dl380 gen9 system, where the raid bus controller
>>>>is getting the error.
>>>
>>>Does it help if you remove
>>>
>>>=C2=A0=C2=A0=C2=A0=C2=A0=C2=A0=C2=A0=C2=A0=C2=A0=C2=A0=C2=A0=C2=A0=C2=A0=
=C2=A0=C2=A0=C2=A0=C2=A0=C2=A0=C2=A0=C2=A0=C2=A0=C2=A0=C2=A0 if (device_is_=
rmrr_locked(dev))
>>>=C2=A0=C2=A0=C2=A0=C2=A0=C2=A0=C2=A0=C2=A0=C2=A0=C2=A0=C2=A0=C2=A0=C2=A0=
=C2=A0=C2=A0=C2=A0=C2=A0=C2=A0=C2=A0=C2=A0=C2=A0=C2=A0=C2=A0=C2=A0=C2=A0=C2=
=A0=C2=A0=C2=A0=C2=A0=C2=A0=C2=A0 continue;
>>>
>>>in si_domain_init()?
>>>
>>
>>Unfortunately it still spits out a bunch of error messages.
>
>Can you please show me the whole dmesg?
>
>Best regards,
>-baolu
>

Attaching console output (can't get to a point to actually log in) and
config that is used to build that kernel.

--omz5tebd6o7fekfs
Content-Type: text/plain; charset=utf-8
Content-Disposition: attachment; filename=dl388-console
Content-Transfer-Encoding: quoted-printable


[    0.000000] Linux version 5.4.0-1.elrdy.x86_64 (mockbuild@x86-vm-08.buil=
d.eng.bos.redhat.com) (gcc version 8.2.1 20180905 (Red Hat 8.2.1-3) (GCC)) =
#1 SMP Tue Nov 26 20:14:26 UTC 2019
[    0.000000] Command line: BOOT_IMAGE=3D(hd0,msdos1)/vmlinuz-5.4.0-1.elrd=
y.x86_64 root=3D/dev/mapper/rhel_hp--dl388g8--07-root ro intel_iommu=3Don k=
sdevice=3Dbootif crashkernel=3Dauto resume=3D/dev/mapper/rhel_hp--dl388g8--=
07-swap rd.lvm.lv=3Drhel_hp-dl388g8-07/root rd.lvm.lv=3Drhel_hp-dl388g8-07/=
swap console=3DttyS1,115200n81
[    0.000000] x86/fpu: Supporting XSAVE feature 0x001: 'x87 floating point=
 registers'
[    0.000000] x86/fpu: Supporting XSAVE feature 0x002: 'SSE registers'
[    0.000000] x86/fpu: Supporting XSAVE feature 0x004: 'AVX registers'
[    0.000000] x86/fpu: xstate_offset[2]:  576, xstate_sizes[2]:  256
[    0.000000] x86/fpu: Enabled xstate features 0x7, context size is 832 by=
tes, using 'standard' format.
[    0.000000] BIOS-provided physical RAM map:
[    0.000000] BIOS-e820: [mem 0x0000000000000000-0x000000000009c7ff] usabl=
e
[    0.000000] BIOS-e820: [mem 0x000000000009c800-0x000000000009ffff] reser=
ved
[    0.000000] BIOS-e820: [mem 0x00000000000f0000-0x00000000000fffff] reser=
ved
[    0.000000] BIOS-e820: [mem 0x0000000000100000-0x00000000bddabfff] usabl=
e
[    0.000000] BIOS-e820: [mem 0x00000000bddac000-0x00000000bddddfff] ACPI =
data
[    0.000000] BIOS-e820: [mem 0x00000000bddde000-0x00000000cfffffff] reser=
ved
[    0.000000] BIOS-e820: [mem 0x00000000fec00000-0x00000000fee0ffff] reser=
ved
[    0.000000] BIOS-e820: [mem 0x00000000ff800000-0x00000000ffffffff] reser=
ved
[    0.000000] BIOS-e820: [mem 0x0000000100000000-0x0000000c3fffefff] usabl=
e
[    0.000000] NX (Execute Disable) protection: active
[    0.000000] SMBIOS 2.8 present.
[    0.000000] DMI: HP ProLiant DL388p Gen8, BIOS P70 07/01/2015
[    0.000000] tsc: Fast TSC calibration using PIT
[    0.000000] tsc: Detected 2294.447 MHz processor
[    0.001492] last_pfn =3D 0xc3ffff max_arch_pfn =3D 0x400000000
[    0.001826] x86/PAT: Configuron [0-7]: WB  WC  UC- UC  WB  WP  UC- WT =
=20
[    0.002255] last_pfn =3D 0xbddac max_arch_pfn =3D 0x400000000
[    0.007931] found SMP MP-table at [mem 0x000f4f80-0x000f4f8f]
[    0.008003] Using GB pages for direct mapping
[    0.008308] RAMDISK: [mem 0x349fc000-0x364f5fff]
[    0.008312] ACPI: Early table checksum verification disabled
[    0.008316] ACPI: RSDP 0x00000000000F4F00 000024 (v02 HP    )
[    0.008320] ACPI: XSDT 0x00000000BDDAED00 0000EC (v01 HP     ProLiant 00=
000002 =EF=BF=BD?   0000162E)
[    0.008325] ACPI: FACP 0x00000000BDDAEE40 0000F4 (v03 HP     ProLiant 00=
000002 =EF=BF=BD?   0000162E)
[    0.008329] ACPI BIOS Warning (bug): Invalid length for FADT/Pm1aControl=
Block: 32, using default 16 (20190816/tbfadt-674)
[    0.008332] ACPI BIOS Warning (bug): Invalid length for FADT/Pm2ControlB=
lock: 32, using default 8 (20190816/tbfadt-674)
[    0.008335] ACPI: DSDT 0x00000000BDDAEF40 0026DC (v01 HP     DSDT     00=
000001 INTL 20030228)
[    0.008338] ACPI: FACS 0x00000000BDDAC140 000040
[    0.008340] ACPI: FACS 0x00000000BDDAC140 000040
[    0.008343] ACPI: SPCR 0x00000000BDDAC180 000050 (v01 HP     S   0000162=
E)
[    0.008346] ACPI: MCFG 0x00000000BDDAC200 00003C (v01 HP     ProLiant 00=
000001      00000000)
[    0.008348] ACPI: HPET 0x00000000BDDAC240 000038 (v01 HP     ProLiant 00=
000002 =EF=BF=BD?   0000162E)
[    0.008351] ACPI: FFFF 0x00000000BDDAC280 000064 (v02 HP     ProLiant 00=
000002 =EF=BF=BD?   0000162E)
[    0.008354] ACPI: SPMI 0x00000000BDDAC300 000040 (v05 HP     ProLiant 00=
000001 =EF=BF=BD?   0000162E)
[    0.008357] ACPI: ERST 0x00000000BDDAC340 000230 (v01 HP     ProLiant 00=
000001 =EF=BF=BD?   0000162E)
[    0.008360] ACPI: APIC 0x00000000BDDAC580 00026A (v01 HP     ProLiant 00=
000002      00000000)
[    0.008363] ACPI: SRAT 0x00000000BDDAC800 000750 (v01 HP     Proliant 00=
000001 =EF=BF=BD?   0000162E)
[    0.008366] ACPI: FFFF 0x00000000BDDACF80 000176 (v01 HP     ProLiant 00=
000001 =EF=BF=BD?   0000162E)
[    0.008369] ACPI: BERT 0x00000000BDDAD100 000030 (v01 HP     ProLiant 00=
000001 =EF=BF=BD?   0000162E)
[    0.008371] ACPI: HEST 0x00000000BDDAD140 0000BC (v01 HP     ProLiant 00=
000001 =EF=BF=BD?   0000162E)
[    0.008374] ACPI: DMAR 0x00000000BDDAD200 000720 (v01 HP     ProLiant 00=
000001 =EF=BF=BD?   0000162E)
[    0.008377] ACPI: FFFF 0x00000000BDDAEC40 000030 (v01 HP     ProLiant 00=
000001      00000000)
[    0.008380] ACPI: PCCT 0x00000000BDDAEC80 00006E (v01 HP     Proliant 00=
000001 PH   0000504D)
[    0.008383] ACPI: SSDT 0x00000000BDDB1640 0007EA (v01 HP     DEV_PCI1 00=
000001 INTL 20120503)
[    0.008386] ACPI:B1E40 000103 (v03 HP     CRSPCI0  00000002 HP   0000000=
1)
[    0.008389] ACPI: SSDT 0x00000000BDDB1F80 000098 (v03 HP     CRSPCI1  00=
000002 HP   00000001)
[    0.008392] ACPI: SSDT 0x00000000BDDB2040 00038A (v02 HP     riser0   00=
000002 INTL 20030228)
[    0.008395] ACPI: SSDT 0x00000000BDDB2400 000536 (v03 HP     riser1a  00=
000002 INTL 20030228)
[    0.008398] ACPI: SSDT 0x00000000BDDB2940 000537 (v03 HP     riser2a  00=
000002 INTL 20030228)
[    0.008400] ACPI: SSDT 0x00000000BDDB2E80 000BB9 (v01 HP     pcc      00=
000001 INTL 20120503)
[    0.008403] ACPI: SSDT 0x00000000BDDB3A40 000377 (v01 HP     pmab     00=
000001 INTL 20120503)
[    0.008406] ACPI: SSDT 0x00000000BDDB3DC0 005524 (v01 HP     pcc2     00=
000001 INTL 20120503)
[    0.008409] ACPI: SSDT 0x00000000BDDB9300 003AEC (v01 INTEL  PPM RCM  00=
000001 INTL 20061109)
[    0.008444] SRAT: PXM 0 -> APIC 0x00 -> Node 0
[    0.008445] SRAT: PXM 0 -> APIC 0x01 -> Node 0
[    0.008446] SRAT: PXM 0 -> APIC 0x02 -> Node 0
[    0.008447] SRAT: PXM 0 -> APIC 0x03 -> Node 0
[    0.008448] SRAT: PXM 0 -> APIC 0x04   0.008448] SRAT: PXM 0 -> APIC 0x0=
5 -> Node 0
[    0.008449] SRAT: PXM 0 -> APIC 0x06 -> Node 0
[    0.008450] SRAT: PXM 0 -> APIC 0x07 -> Node 0
[    0.008451] SRAT: PXM 0 -> APIC 0x08 -> Node 0
[    0.008452] SRAT: PXM 0 -> APIC 0x09 -> Node 0
[    0.008452] SRAT: PXM 0 -> APIC 0x0a -> Node 0
[    0.008453] S PXM 0 -> APIC 0x0b -> Node 0
[    0.008454] SRAT: PXM 1 -> APIC 0x20 -> Node 1
[    0.008455] SRAT: PXM 1 -> APIC 0x21 -> Node 1
[    0.008456] SRAT: PXM 1 -> APIC 0x22 -> Node 1
[    0.008456] SRAT: PXM 1 -> APIC 0x23 -> Node 1
[    0.008457] SRAT: PXM 1 -> APIC 0x24 -> Node 1
[    0.008458] SRAT: PXM 1 -> APIC 0x25 -> Node 1
[    0.008459] SRAT: PXM 1 -> APIC 0x26 -> Node 1
[    0.008460] SRAT: PXM 1 -> APIC 0x27 -> Node 1
[    0.008460] SRAT: PXM 1 -> APIC 0x28 -> Node 1
[    0.008461] SRAT: PXM 1 -> APIC 0x29 -> Node 1
[    0.008462] SRAT: PXM 1 -> APIC 0x2a -> Node 1
[    0.008463] SRAT: PXM 1 -> APIC 0x2b -> Node 1
[    0.008467] ACPI: SRAT: Node 0 PXM 0 [mem 0x00000000-0x83fffffff]
[    0.008469] ACPI: SRAT: Node 1 PXM 1 [mem 0x840000000-0xc3fffffff]
[    0.008482] NODE_DATA(0) allocated [mem 0x83ffd6000-0x83fffffff]
[    0.008511] NODE_DATA(1) allocated [mem 0xc3ffd5000-0xc3fffefff]
[    0.008717] Using crashkernel=3Dauto, the size chosen is a best effort e=
stimation.
[    0.008720] Reserving 160MB of memory at 2864MB for crashkernel (System =
RAM: 49117MB)
[    0.008779] Zone rang8780]   DMA      [mem 0x0000000000001000-0x00000000=
00ffffff]
[    0.008781]   DMA32    [mem 0x0000000001000000-0x00000000ffffffff]
[    0.008782]   Normal   [mem 0x0000000100000000-0x0000000c3fffefff]
[    0.008783]   Device   empty
[    0.008784] Movable zone start for each node
[    0.008788] Early memory node ranges
[    0.008789]   node   0: [mem 0x0000000000001000-0x000000000009bfff]
[    0.008790]   node   0: [mem 0x0000000000100000-0x00000000bddabfff]
[    0.008791]   node   0: [mem 0x0000000100000000-0x000000083fffffff]
[    0.008795]   node   1: [mem 0x0000000840000000-0x0000000c3fffefff]
[    0.008945] Zeroed struct page in unavailable ranges: 8889 pages
[    0.008947] Initmem setup node 0 [mem 0x0000000000001000-0x000000083ffff=
fff]
[    0.028213] Initmem setup node 1 [mem 0x0000000840000000-0x0000000c3fffe=
fff]
[    0.029426] ACPI: PM-Timer IO Port: 0x908
[    0.029439] ACPI: LAPIC_NMI (acpi_id[0xff] dfl dfl lint[0x1])
[    0.029451] IOAPIC[0]: apic_id 8, version 32, address 0xfec00000, GSI 0-=
23
[    0.029455] IOAPIC[1]: apic_id 0, version 32, address 0xfec10000, GSI 24=
-47
[    0.029459] IOAPIC[2]: apic_id 10, version 32, address 0xfec40000, GSI 4=
8-71
[    0.029462] ACPI: INT_SRC_OVR (bus 0 bus_irq  edge)
[    0.029464] ACPI: INT_SRC_OVR (bus 0 bus_irq 9 global_irq 9 high level)
[    0.029469] Using ACPI (MADT) for SMP configuration information
[    0.029471] ACPI: HPET id: 0x8086a201 base: 0xfed00000
[    0.029475] ACPI: SPCR: SPCR table version 1
[    0.029476] ACPI: SPCR: Unexpected SPCR Access Width.  Defaulting to byt=
e size
[    0.029478] ACPI: SPCR: console: uart,mmio,0x0,9600
[    0.029481] smpboot: Allowing 64 CPUs, 40 hotplug CPUs
[    0.029497] PM: Registered nosave memory: [mem 0x00000000-0x00000fff]
[    0.029499] PM: Registered nosave memory: [mem 0x0009c000-0x0009cfff]
[    0.029500] PM: Registered nosave memory: [mem 0x0009d000-0x0009ffff]
[    0.029500] PM: Registered nosave memory: [mem 0x000a0000-0x000effff]
[    0.029501] PM: Registered nosave memory: [mem 0x000f0000-0x000fffff]
[    0.029503] PM: Registered nosave memory: [mem 0xbddac000-0xbddddfff]
[    0.029504] PM: Registered nosave memory: [mem 0xbddde000-0xcfffffff]
[    0.029504] PM: Registered nosave memory: [mem 0xd0000000-0xfebfffff]
[    0.029505] PM: Registered nosave memory: [mem 0xfec00000-0xfee0ffffPM: =
Registered nosave memory: [mem 0xfee10000-0xff7fffff]
[    0.029507] PM: Registered nosave memory: [mem 0xff800000-0xffffffff]
[    0.029509] [mem 0xd0000000-0xfebfffff] available for PCI devices
[    0.029510] Booting paravirtualized kernel on bare hardware
[    0.029514] clocksource: refined-jiffies: mask: 0xffffffff max_cycles: 0=
xffffffff, max_idle_ns: 1910969940391419 ns
[    0.029516] Detected CPU family 6 model 45 stepping 7
[    0.029518] Warning: Intel Processor - this hardware has not undergone t=
esting by Red Hat and might not be certified. Please consult https://hardwa=
re.redhat.com for certified hardware.
[    0.144563] setup_percpu: NR_CPUS:8192 nr_cpumask_bits:64 nr_cpu_ids:64 =
nr_node_ids:2
[    0.149207] percpu: Embedded 53 pages/cpu s180224 r8192 d28672 u262144
[    0.149272] Built 2 zonelists, mobility grouping on.  Total pages: 12377=
530
[    0.149274] Policy zone: Normal
[    0.149276] Kernel command line: BOOT_IMAGE=3D(hd0,msdos1)/vmlinuz-5.4.0=
-1.elrdy.x86_64 root=3D/dev/mapper/rhel_hp--dl388g8--07-root ro intel_iommu=
=3Don ksdevice=3Dbootif crashkernel=3Dauto resume=3D/dev/mapper/rhel_hp--dl=
388g8--07-swap rd.lvm.lv=3Drhel_hp-dl388g8-07/root rd.lvm.lv=3Drhel_hp-dl38=
8g8-07/swap console=3DttyS1,115200n81
[    0.149abled
[    0.150215] mem auto-init: stack:off, heap alloc:off, heap free:off
[    0.188508] Memory: 3115232K/50296088K available (12292K kernel code, 20=
69K rwdata, 4192K rodata, 2388K init, 6204K bss, 1092768K reserved, 0K cma-=
reserved)
[    0.188837] random: get_random_u64 called from cache_random_seq_create+0=
x7c/0x140 with crng_init=3D0
[    0.189039] SLUB: HWalign=3D64, Order=3D0-3, MinObjects=3D0, CPUs=3D64, =
Nodes=3D2
[    0.189067] Kernel/User page tables isolation: enabled
[    0.189114] ftrace: allocating 37211 entries in 146 pages
[    0.205224] rcu: Hierarchical RCU implementation.
[    0.205226] rcu: =09RCU restricting CPUs from NR_CPUS=3D8192 to nr_cpu_i=
ds=3D64.
[    0.205227] rcu: RCU calculated value of scheduler-enlistment delay is 1=
00 jiffies.
[    0.205228] rcu: Adjusting geometry for rcu_fanout_leaf=3D16, nr_cpu_ids=
=3D64
[    0.208512] NR_IRQS: 524544, nr_irqs: 1752, preallocated irqs: 16
[    0.214231] Console: colour VGA+ 80x25
[    4.054980] printk: console [ttyS1] enabled
[    4.056422] mempolicy: Enabling automatic NUMA balancing. Configure with=
 numa_balancing=3D or the kernel.numa_balancing sysctl
[    4.060179] ACPI: Core revision 201908807] clocksource: hpet: mask: 0xff=
ffffff max_cycles: 0xffffffff, max_idle_ns: 133484882848 ns
[    4.464766] APIC: Switch to symmetric I/O mode setup
[    4.466461] DMAR: Host address width 46
[    4.467747] DMAR: DRHD base: 0x000000fbafe000 flags: 0x0
[    4.469646] DMAR: dmar0: reg_base_addr fbafe000 ver 1:0 cap d2078c106f04=
62 ecap f020fe
[    4.472259] DMAR: DRHD base: 0x000000f4ffe000 flags: 0x1
[    4.474048] DMAR: dmar1: reg_base_addr f4ffe000 ver 1:0 cap d2078c106f04=
62 ecap f020fe
[    4.476678] DMAR: RMRR base: 0x000000bdffd000 end: 0x000000bdffffff
[    4.478839] DMAR: RMRR base: 0x000000bdff6000 end: 0x000000bdffcfff
[    4.480929] DMAR: RMRR base: 0x000000bdf83000 end: 0x000000bdf84fff
[    4.483021] DMAR: RMRR base: 0x000000bdf7f000 end: 0x000000bdf82fff
[    4.485108] DMAR: RMRR base: 0x000000bdf6f000 end: 0x000000bdf7efff
[    4.487190] DMAR: RMRR base: 0x000000bdf6e000 end: 0x000000bdf6efff
[    4.489364] DMAR: RMRR base: 0x000000000f4000 end: 0x000000000f4fff
[    4.491802] DMAR: RMRR base: 0x000000000e8000 end: 0x000000000e8fff
[    4.493908] DMAR: RMRR base: 0x000000bddde000 end: 0x000000bdddefff
[    4.496006] DMAR: ATSR flags: 0x0
[    4.497119] DMAR-IR: IOAPIC id 10 under DRHD base  0xfbafe000 IOMMU 0
[    4.499360] DMAR-IR: IOAPIC id 8 under DRHD base  0xf4ffe000 IOMMU 1
[    4.501477] DMAR-IR: RHD base  0xf4ffe000 IOMMU 1
[    5.003403] DMAR-IR: HPET id 0 under DRHD base 0xf4ffe000
[    5.005206] DMAR-IR: x2apic is disabled because BIOS sets x2apic opt out=
 bit.
[    5.005206] DMAR-IR: Use 'intremap=3Dno_x2apic_optout' to override the B=
IOS setting.
[    5.010766] DMAR-IR: Enabled IRQ remapping in xapic mode
[    5.012566] x2apic: IRQ remapping doesn't support X2APIC mode
[    5.014503] Switched APIC routing to physical flat.
[    5.016757] ..TIMER: vector=3D0x30 apic1=3D0 pin1=3D2 apic2=3D-1 pin2=3D=
-1
[    5.023774] clocksource: tsc-early: mask: 0xffffffffffffffff max_cycles:=
 0x2112b762dc5, max_idle_ns: 440795270470 ns
[    5.027299] Calibrating delay loop (skipped), value calculated using tim=
er frequency.. 4588.89 BogoMIPS (lpj=3D2294447)
[    5.028298] pid_max: default: 65536 minimum: 512
[    5.029408] LSM: Security Framework initializing
[    5.030317] Yama: becoming mindful.
[    5.031317] SELinux:  Initializing.
[    5.045044] Dentry cache hash table entries: 8388608 (order: 14, 6710886=
4 bytes, vmalloc)
[    5.051886] Inode-cache hash table entries: 4194304 (order: 13, 33554432=
 bytes, vmalloc)
[    5.052555] Mount-cache hash table entrder: 8, 1048576 bytes, vmalloc)
[    5.053491] Mountpoint-cache hash table entries: 131072 (order: 8, 10485=
76 bytes, vmalloc)
[    5.054882] mce: CPU0: Thermal monitoring enabled (TM1)
[    5.055318] process: using mwait in idle threads
[    5.056300] Last level iTLB entries: 4KB 512, 2MB 8, 4MB 8
[    5.057298] Last level dTLB entries: 4KB 512, 2MB 32, 4MB 32, 1GB 0
[    5.058301] Spectre V1 : Mitigation: usercopy/swapgs barriers and __user=
 pointer sanitization
[    5.059299] Spectre V2 : Mitigation: Full generic retpoline
[    5.060298] Spectre V2 : Spectre v2 / SpectreRSB mitigation: Filling RSB=
 on context switch
[    5.061298] Speculative Store Bypass: Vulnerable
[    5.062300] MDS: Vulnerable: Clear CPU buffers attempted, no microcode
[    5.063542] Freeing SMP alternatives memory: 32K
[    5.065799] smpboot: CPU0: Intel(R) Xeon(R) CPU E5-2630 0 @ 2.30GHz (fam=
ily: 0x6, model: 0x2d, stepping: 0x7)
[    5.066495] Performance Events: PEBS fmt1+, SandyBridge events, 16-deep =
LBR, full-width counters, Broken BIOS detected, complain to your hardware v=
endor.
[    5.067299] [Firmware Bug]: the BIOS has corrupted hw-PMU resources (MSR=
 38d is 330)
[    5.068298] Intel PMU driver.
[    5.069254] ... version:                3
[    5.069298] ... bit width:              48
[    5.070298] ... generic registers:      4
.. max period:             00007fffffffffff0000ffffffffffff
[    5.073298] ... fixed-purpose events:   3
[    5.074298] ... event mask:             000000070000000f
[    5.075369] rcu: Hierarchical SRCU implementation.
[    5.081198] NMI watchdog: Enabled. Permanently consumes one hw-PMU count=
er.
[    5.082350] smp: Bringing up secondary CPUs ...
[    5.083442] x86: Booting SMP configuration:
[    5.084301] .... node  #0, CPUs:        #1  #2  #3  #4  #5
[    5.095299] .... node  #1, CPUs:    #6
[    4.789532] smpboot: CPU 6 Converting physical 0 to logical die 1
[    5.161533]   #7  #8  #9 #10 #11
[    5.172300] .... node  #0, CPUs:   #12
[    5.174555] MDS CPU bug present and SMT on, data leak possible. See http=
s://www.kernel.org/doc/html/latest/admin-guide/hw-vuln/mds.html for more de=
tails.
[    5.176471]  #13 #14 #15 #16 #17
[    5.186301] .... node  #1, CPUs:   #18 #19 #20 #21 #22 #23
[    5.198511] smp: Brought up 2 nodes, 24 CPUs
[    5.200299] smpboot: Max logical packages: 6
[    5.201300] smpboot: Total of 24 processors activated (110202.88 BogoMIP=
S)
[    5.312320] node 1 initialised, 4094148 pages in 108ms
[    5.455337] node 0 initialised, 7427874 pages in 251ms
[    5.460037] devtmpfs: initialized
[    5.460405] x86/mm: Memory block size: 128MB
[    5.479552] clocksource: jiffies: mask: 0ffffff max_cycles: 0xffffffff, =
max_idle_ns: 1911260446275000 ns
[    5.582402] futex hash table entries: 16384 (order: 8, 1048576 bytes, vm=
alloc)
[    5.586012] pinctrl core: initialized pinctrl subsystem
[    5.587885] NET: Registered protocol family 16
[    5.589620] audit: initializing netlink subsys (disabled)
[    5.591341] audit: type=3D2000 audit(1575474035.594:1): state=3Dinitiali=
zed audit_enabled=3D0 res=3D1
[    5.594307] cpuidle: using governor menu
[    5.596341] Detected 1 PCC Subspaces
[    5.597400] Registering PCC driver as Mailbox controller
[    5.599546] ACPI FADT declares the system doesn't support PCIe ASPM, so =
disable it
[    5.602302] ACPI: bus type PCI registered
[    5.603301] acpiphp: ACPI Hot Plug PCI Controller Driver version: 0.5
[    5.606551] PCI: MMCONFIG for domain 0000 [bus 00-ff] at [mem 0xc0000000=
-0xcfffffff] (base 0xc0000000)
[    5.609306] PCI: MMCONFIG at [mem 0xc0000000-0xcfffffff] reserved in E82=
0
[    5.611329] PCI: Using configuration type 1 for base access
[    5.613406] core: PMU erratum BJ122, BV98, HSD29 worked around, HT is on
[    5.628303] ENERGY_PERF_BIAS: Set to 'normal', was 'performance'
[    5.633433] HugeTLB registered 1.00 GiB page size, pre-allocated 0 pages
[    5.636305] HugeTLB registered 2.00 MiB page size, pre-allocated 0 pages
[    5.734389] cryptd: max_cpu_qlen set to 1000
[    5.755535] ACPI: Added _OSI(Module Device)
[    5.757304] ACPI: Added _OSI(Processor Device)
[    5.758300] ACPI: Added _OSI(3.0 _SCP Extension5.872309] ACPI: Added _OS=
I(Processor Aggregator Device)
[    6.061308] ACPI: Added _OSI(Linux-Dell-Video)
[    6.062302] ACPI: Added _OSI(Linux-Lenovo-NV-HDMI-Audio)
[    6.064299] ACPI: Added _OSI(Linux-HPI-Hybrid-Graphics)
[    6.070883] ACPI: 11 ACPI AML tables successfully acquired and loaded
[    6.075858] ACPI: Interpreter enabled
[    6.077312] ACPI: (supports S0 S4 S5)
[    6.078299] ACPI: Using IOAPIC for interrupt routing
[    6.080318] HEST: Table parsing has been initialized.
[    6.082300] PCI: Using host bridge windows from ACPI; if necessary, use =
"pci=3Dnocrs" and report a bug
[    6.091761] ACPI: PCI Root Bridge [PCI0] (domain 0000 [bus 00-1f])
[    6.093304] acpi PNP0A08:00: _OSC: OS supports [ExtendedConfig ASPM Cloc=
kPM Segments MSI HPX-Type3]
[    6.097384] acpi PNP0A08:00: _OSC: platform does not support [PCIeHotplu=
g SHPCHotplug PME AER PCIeCapability LTR]
[    6.100300] acpi PNP0A08:00: _OSC: not requesting control; platform does=
 not support [PCIeCapability]
[    6.104300] acpi PNP0A08:00: _OSC: OS requested [PCIeHotplug SHPCHotplug=
 PME AER PCIeCapability LTR]
[    6.107299] acpi PNP0A08:00: _OSC: platform willing to grant []
[    6.109299] acpi PNP0A08:00: _OSC failed (AE_SUPPORT); disabling ASPM
[    6.111479] PCI host bridge to bus 0000:00
[    6.112301] pci_bus 0000:0source [mem 0xf4000000-0xf7ffffff window]
[    6.514317] pci_bus 0000:00: root bus resource [io  0x1000-0x7fff window=
]
[    6.517304] pci_bus 0000:00: root bus resource [io  0x0000-0x03af window=
]
[    6.519299] pci_bus 0000:00: root bus resource [io  0x03e0-0x0cf7 window=
]
[    6.521299] pci_bus 0000:00: root bus resource [io  0x0d00-0x0fff window=
]
[    6.524299] pci_bus 0000:00: root bus resource [io  0x03b0-0x03bb window=
]
[    6.526299] pci_bus 0000:00: root bus resource [io  0x03c0-0x03df window=
]
[    6.528299] pci_bus 0000:00: root bus resource [mem 0x000a0000-0x000bfff=
f window]
[    6.531299] pci_bus 0000:00: root bus resource [bus 00-1f]
[    6.532313] pci 0000:00:00.0: [8086:3c00] type 00 class 0x060000
[    6.534384] pci 0000:00:00.0: PME# supported from D0 D3hot D3cold
[    6.537390] pci 0000:00:01.0: [8086:3c02] type 01 class 0x060400
[    6.539394] pci 0000:00:01.0: PME# supported from D0 D3hot D3cold
[    6.541435] pci 0000:00:01.1: [8086:3c03] type 01 class 0x060400
[    6.543394] pci 0000:00:01.1: PME# supported from D0 D3hot D3cold
[    6.545425] pci 0000:00:02.0: [8086:3c04] type 01 class 0x060400
[    6.547392] pci 0000:00:02.0: PME# supported from D0 D3hot D3cold
[    6.550423] pci 0000:00:02.1: [8086:3c05] type 01 class 0x060400
[    6.552391] pci 0000:00:02.1: PME# supported from D0 D3hot D3cold
[  00:00:02.2: [8086:3c06] type 01 class 0x060400
[    7.055402] pci 0000:00:02.2: PME# supported from D0 D3hot D3cold
[    7.057555] pci 0000:00:02.3: [8086:3c07] type 01 class 0x060400
[    7.060430] pci 0000:00:02.3: PME# supported from D0 D3hot D3cold
[    7.062502] pci 0000:00:03.0: [8086:3c08] type 01 class 0x060400
[    7.064360] pci 0000:00:03.0: enabling Extended Tags
[    7.066373] pci 0000:00:03.0: PME# supported from D0 D3hot D3cold
[    7.068498] pci 0000:00:03.1: [8086:3c09] type 01 class 0x060400
[    7.070426] pci 0000:00:03.1: PME# supported from D0 D3hot D3cold
[    7.072493] pci 0000:00:03.2: [8086:3c0a] type 01 class 0x060400
[    7.075428] pci 0000:00:03.2: PME# supported from D0 D3hot D3cold
[    7.077491] pci 0000:00:03.3: [8086:3c0b] type 01 class 0x060400
[    7.079426] pci 0000:00:03.3: PME# supported from D0 D3hot D3cold
[    7.081506] pci 0000:00:04.0: [8086:3c20] type 00 class 0x088000
[    7.083328] pci 0000:00:04.0: reg 0x10: [mem 0xf6cf0000-0xf6cf3fff 64bit=
]
[    7.086512] pci 0000:00:04.1: [8086:3c21] type 00 class 0x088000
[    7.088325] pci 0000:00:04.1: reg 0x10: [mem 0xf6ce0000-0xf6ce3fff 64bit=
]
[    7.090520] pci 0000:00:04.2: [8086:3c22] type 00 class 0x088000
[    7.093326] peg 0x10: [mem 0xf6cd0000-0xf6cd3fff 64bit]
[    7.593460] pci 0000:00:04.3: [8086:3c23] type 00 class 0x088000
[    7.596321] pci 0000:00:04.3: reg 0x10: [mem 0xf6cc0000-0xf6cc3fff 64bit=
]
[    7.598445] pci 0000:00:04.4: [8086:3c24] type 00 class 0x088000
[    7.600319] pci 0000:00:04.4: reg 0x10: [mem 0xf6cb0000-0xf6cb3fff 64bit=
]
[    7.603442] pci 0000:00:04.5: [8086:3c25] type 00 class 0x088000
[    7.605316] pci 0000:00:04.5: reg 0x10: [mem 0xf6ca0000-0xf6ca3fff 64bit=
]
[    7.607431] pci 0000:00:04.6: [8086:3c26] type 00 class 0x088000
[    7.609316] pci 0000:00:04.6: reg 0x10: [mem 0xf6c90000-0xf6c93fff 64bit=
]
[    7.612441] pci 0000:00:04.7: [8086:3c27] type 00 class 0x088000
[    7.614316] pci 0000:00:04.7: reg 0x10: [mem 0xf6c80000-0xf6c83fff 64bit=
]
[    7.616429] pci 0000:00:05.0: [8086:3c28] type 00 class 0x088000
[    7.618434] pci 0000:00:05.2: [8086:3c2a] type 00 class 0x088000
[    7.620435] pci 0000:00:05.4: [8086:3c2c] type 00 class 0x080020
[    7.623312] pci 0000:00:05.4: reg 0x10: [mem 0xf6c70000-0xf6c70fff]
[    7.625427] pci 0000:00:11.0: [8086:1d3e] type 01 class 0x060400
[    7.627413] pci 0000:00:11.0: PME# supported from D0 D3hot D3cold
[    7.629436] pci 0000:00:1a.0: [8086:1d2d] type 00 class 0x0c0320
[    7.631320] pci 0000:00:1a.0: reg 0x10: [mem 0xf6c60000-0xf6c603ff]
[    7.633383] pci 0000:00:1a.0: PME# supported from D0 D3hot D3cold
[    7.635386] pci 0000:00:1c.0: [8086:1d10] type 01 class 0x060400
[    7.638392] pci 0000:00:1c.0: PME# supported from D0 D3hot D3cold
[    7.640325] pci 000abling UPDCR peer decodes
[    8.040324] pci 0000:00:1c.0: Enabling MPC IRBNCE
[    8.042300] pci 0000:00:1c.0: Intel PCH root port ACS workaround enabled
[    8.044416] pci 0000:00:1c.7: [8086:1d1e] type 01 class 0x060400
[    8.047381] pci 0000:00:1c.7: PME# supported from D0 D3hot D3cold
[    8.049316] pci 0000:00:1c.7: Enabling MPC IRBNCE
[    8.050299] pci 0000:00:1c.7: Intel PCH root port ACS workaround enabled
[    8.053415] pci 0000:00:1d.0: [8086:1d26] type 00 class 0x0c0320
[    8.055319] pci 0000:00:1d.0: reg 0x10: [mem 0xf6c50000-0xf6c503ff]
[    8.057380] pci 0000:00:1d.0: PME# supported from D0 D3hot D3cold
[    8.059380] pci 0000:00:1e.0: [8086:244e] type 01 class 0x060401
[    8.061409] pci 0000:00:1f.0: [8086:1d41] type 00 class 0x060100
[    8.063484] pci 0000:00:1f.2: [8086:1d00] type 00 class 0x01018f
[    8.066315] pci 0000:00:1f.2: reg 0x10: [io  0x4000-0x4007]
[    8.068306] pci 0000:00:1f.2: reg 0x14: [io  0x4008-0x400b]
[    8.069305] pci 0000:00:1f.2: reg 0x18: [io  0x4010-0x4017]
[    8.071305] pci 0000:00:1f.2: reg 0x1c: [io  0x4018-0x401b]
[    8.073305] pci 0000:00:1f.2: reg 0x20: [io  0x4020-0x402f]
[    8.075305] pci 0000:00:1f.2: reg 0x24: [io  0x4030-0x403f]
[    8.077637] pci 0000:00:01.0: PCI bridge to [bus 08]
[    8.079340] pci 0000:00:01.1: PCI bridge to [bus 14]
[    8.081386] pci 0000:03:00.0: [14e4:1657] type 00 class 0x020000
[    8.083318] pci 0000:0[mem 0xf6bf0000-0xf6bfffff 64bit pref]
[    8.584325] pci 0000:03:00.0: reg 0x18: [mem 0xf6be0000-0xf6beffff 64bit=
 pref]
[    8.586307] pci 0000:03:00.0: reg 0x20: [mem 0xf6bd0000-0xf6bdffff 64bit=
 pref]
[    8.589305] pci 0000:03:00.0: reg 0x30: [mem 0x00000000-0x0003ffff pref]
[    8.591355] pci 0000:03:00.0: PME# supported from D0 D3hot D3cold
[    8.593409] pci 0000:03:00.1: [14e4:1657] type 00 class 0x020000
[    8.596318] pci 0000:03:00.1: reg 0x10: [mem 0xf6bc0000-0xf6bcffff 64bit=
 pref]
[    8.598307] pci 0000:03:00.1: reg 0x18: [mem 0xf6bb0000-0xf6bbffff 64bit=
 pref]
[    8.601307] pci 0000:03:00.1: reg 0x20: [mem 0xf6ba0000-0xf6baffff 64bit=
 pref]
[    8.603304] pci 0000:03:00.1: reg 0x30: [mem 0x00000000-0x0003ffff pref]
[    8.605354] pci 0000:03:00.1: PME# supported from D0 D3hot D3cold
[    8.607399] pci 0000:03:00.2: [14e4:1657] type 00 class 0x020000
[    8.609318] pci 0000:03:00.2: reg 0x10: [mem 0xf6b90000-0xf6b9ffff 64bit=
 pref]
[    8.612307] pci 0000:03:00.2: reg 0x18: [mem 0xf6b80000-0xf6b8ffff 64bit=
 pref]
[    8.614307] pci 0000:03:00.2: reg 0x20: [mem 0xf6b70000-0xf6b7ffff 64bit=
 pref]
[    8.617304] pci 0000:03:00.2: 0000000-0x0003ffff pref]
[    9.118372] pci 0000:03:00.2: PME# supported from D0 D3hot D3cold
[    9.120397] pci 0000:03:00.3: [14e4:1657] type 00 class 0x020000
[    9.122318] pci 0000:03:00.3: reg 0x10: [mem 0xf6b60000-0xf6b6ffff 64bit=
 pref]
[    9.125308] pci 0000:03:00.3: reg 0x18: [mem 0xf6b50000-0xf6b5ffff 64bit=
 pref]
[    9.127307] pci 0000:03:00.3: reg 0x20: [mem 0xf6b40000-0xf6b4ffff 64bit=
 pref]
[    9.129304] pci 0000:03:00.3: reg 0x30: [mem 0x00000000-0x0003ffff pref]
[    9.132353] pci 0000:03:00.3: PME# supported from D0 D3hot D3cold
[    9.137346] pci 0000:00:02.0: PCI bridge to [bus 03]
[    9.139306] pci 0000:00:02.0:   bridge window [mem 0xf6b00000-0xf6bfffff=
 64bit pref]
[    9.141335] pci 0000:00:02.1: PCI bridge to [bus 15]
[    9.143350] pci 0000:02:00.0: [103c:323b] type 00 class 0x010400
[    9.145311] pci 0000:02:00.0: reg 0x10: [mem 0xf7d00000-0xf7dfffff 64bit=
]
[    9.147305] pci 0000:02:00.0: reg 0x18: [mem 0xf7cf0000-0xf7cf03ff 64bit=
]
[    9.149303] pci 0000:02:00.0: reg 0x20: [io  0x5000-0x50ff]
[    9.151307] pci 0000:02:00.0: reg 0x30: [mem 0x00000000-0x0007ffff pref]
[    9.154302] pci 0000:02:00.0: enabling Extended Tags
[    9.1553:00.0: PME# supported from D0 D1 D3hot
[    9.557378] pci 0000:00:02.2: PCI bridge to [bus 02]
[    9.558301] pci 0000:00:02.2:   bridge window [io  0x5000-0x5fff]
[    9.560300] pci 0000:00:02.2:   bridge window [mem 0xf7c00000-0xf7dfffff=
]
[    9.563336] pci 0000:00:02.3: PCI bridge to [bus 16]
[    9.564548] pci 0000:04:00.0: [111d:8018] type 01 class 0x060400
[    9.567346] pci 0000:04:00.0: enabling Extended Tags
[    9.568343] pci 0000:04:00.0: PME# supported from D0 D3hot D3cold
[    9.574323] pci 0000:00:03.0: PCI bridge to [bus 04-07]
[    9.576301] pci 0000:00:03.0:   bridge window [io  0x6000-0x7fff]
[    9.578300] pci 0000:00:03.0:   bridge window [mem 0xf7e00000-0xf7ffffff=
]
[    9.581344] pci 0000:05:02.0: [111d:8018] type 01 class 0x060400
[    9.583345] pci 0000:05:02.0: enabling Extended Tags
[    9.584348] pci 0000:05:02.0: PME# supported from D0 D3hot D3cold
[    9.587371] pci 0000:05:04.0: [111d:8018] type 01 class 0x060400
[    9.589345] pci 0000:05:04.0: enabling Extended Tags
[    9.591348] pci 0000:05:04.0: PME# supported from D0 D3hot D3cold
[    9.593375] pci 0000:04:00.0: PCI bridge to [bus 05-07]
[    9.595303] pci 0000:04:00.0:   bridge window [io  0x6000-0x7fff]
[    9.597301] pci 0000:04:00.0:   bridge window [mem 0xf7e00000-0xf7ffffff=
]
[    9.599347] pci 0000bc] type 00 class 0x020000
[   10.100341] pci 0000:06:00.0: reg 0x10: [mem 0xf7ee0000-0xf7efffff]
[   10.102308] pci 0000:06:00.0: reg 0x14: [mem 0xf7ec0000-0xf7edffff]
[   10.104308] pci 0000:06:00.0: reg 0x18: [io  0x6000-0x601f]
[   10.106334] pci 0000:06:00.0: reg 0x30: [mem 0x00000000-0x0001ffff pref]
[   10.108377] pci 0000:06:00.0: PME# supported from D0 D3hot D3cold
[   10.110441] pci 0000:06:00.1: [8086:10bc] type 00 class 0x020000
[   10.113332] pci 0000:06:00.1: reg 0x10: [mem 0xf7ea0000-0xf7ebffff]
[   10.115312] pci 0000:06:00.1: reg 0x14: [mem 0xf7e80000-0xf7e9ffff]
[   10.117313] pci 0000:06:00.1: reg 0x18: [io  0x6020-0x603f]
[   10.119345] pci 0000:06:00.1: reg 0x30: [mem 0x00000000-0x0001ffff pref]
[   10.121379] pci 0000:06:00.1: PME# supported from D0 D3hot D3cold
[   10.126325] pci 0000:05:02.0: PCI bridge to [bus 06]
[   10.128309] pci 0000:05:02.0:   bridge window [io  0x6000-0x6fff]
[   10.130304] pci 0000:05:02.0:   bridge window [mem 0xf7e00000-0xf7efffff=
]
[   10.132381] pci 0000:07:00.0: [8086:10bc] type 00 class 0x020000
[   10.135330] pci 0000:07:00.0: reg 0x10: [mem 0xf7fe0000-0xf7ffffff]
[   10.137312] pci 0000:07:00.0: reg 0x14: [mem 0xf7fc0000-0xf7fdffff]
[   10.139312] pci 0000:0[io  0x7000-0x701f]
[   10.639354] pci 0000:07:00.0: reg 0x30: [mem 0x00000000-0x0001ffff pref]
[   10.641360] pci 0000:07:00.0: PME# supported from D0 D3hot
[   10.643383] pci 0000:07:00.1: [8086:10bc] type 00 class 0x020000
[   10.645322] pci 0000:07:00.1: reg 0x10: [mem 0xf7fa0000-0xf7fbffff]
[   10.648308] pci 0000:07:00.1: reg 0x14: [mem 0xf7f80000-0xf7f9ffff]
[   10.650308] pci 0000:07:00.1: reg 0x18: [io  0x7020-0x703f]
[   10.652334] pci 0000:07:00.1: reg 0x30: [mem 0x00000000-0x0001ffff pref]
[   10.654359] pci 0000:07:00.1: PME# supported from D0 D3hot
[   10.659323] pci 0000:05:04.0: PCI bridge to [bus 07]
[   10.660303] pci 0000:05:04.0:   bridge window [io  0x7000-0x7fff]
[   10.662302] pci 0000:05:04.0:   bridge window [mem 0xf7f00000-0xf7ffffff=
]
[   10.665357] pci 0000:00:03.1: PCI bridge to [bus 17]
[   10.666340] pci 0000:00:03.2: PCI bridge to [bus 18]
[   10.668340] pci 0000:00:03.3: PCI bridge to [bus 19]
[   10.670351] pci 0000:00:11.0: PCI bridge to [bus 1b]
[   10.672578] pci 0000:00:1c.0: PCI bridge to [bus 0b]
[   10.673373] pci 0000:01:00.0: [103c:3306] type 00 class 0x088000
[   10.676330] pci 0000:01:00.0: reg 0x10: [io  0x3000-0x30ff]
[   10.677312] pci 0000:01:00.0: reg 0x14: [mem 0xf7bf0000-0xf7bf01ff]
[   10.680312] pci 0000:01:00.0: reg 0x18: [io  0x3400-0x34ff]
[   10.681526] pci 0000:01:00.1: [102b:0533] type 00 class 0x030000
[   10.684331] pci 0000:01:00.1: reg 0x10: [mem 0xf5000000-0xf5ffffff pref]
[   10.686312] pci 0000:01:00.1: reg 0x14: [mem 0xf7be0000-0xf7be3fff]
[   10.6883110.1: reg 0x18: [mem 0xf7000000-0xf77fffff]
[   11.089433] pci 0000:01:00.2: [103c:3307] type 00 class 0x088000
[   11.092339] pci 0000:01:00.2: reg 0x10: [io  0x3800-0x38ff]
[   11.094316] pci 0000:01:00.2: reg 0x14: [mem 0xf6ff0000-0xf6ff00ff]
[   11.096316] pci 0000:01:00.2: reg 0x18: [mem 0xf6e00000-0xf6efffff]
[   11.098316] pci 0000:01:00.2: reg 0x1c: [mem 0xf6d80000-0xf6dfffff]
[   11.100316] pci 0000:01:00.2: reg 0x20: [mem 0xf6d70000-0xf6d77fff]
[   11.102316] pci 0000:01:00.2: reg 0x24: [mem 0xf6d60000-0xf6d67fff]
[   11.104317] pci 0000:01:00.2: reg 0x30: [mem 0x00000000-0x0000ffff pref]
[   11.106393] pci 0000:01:00.2: PME# supported from D0 D3hot D3cold
[   11.109420] pci 0000:01:00.4: [103c:3300] type 00 class 0x0c0300
[   11.111394] pci 0000:01:00.4: reg 0x20: [io  0x3c00-0x3c1f]
[   11.116331] pci 0000:00:1c.7: PCI bridge to [bus 01]
[   11.118306] pci 0000:00:1c.7:   bridge window [io  0x3000-0x3fff]
[   11.120304] pci 0000:00:1c.7:   bridge window [mem 0xf6d00000-0xf7bfffff=
]
[   11.122306] pci 0000:00:1c.7:   bridge window [mem 0xf5000000-0xf5ffffff=
 64bit pref]
[   11.125326] pci_bus 0000:1a: extended config space not accessible
[   11.127373] pci 0000:00:1e.0: PCI bridge to [bus 1a] (subtractive decode=
)
[   11.129312] pci 0dge window [mem 0xf4000000-0xf7ffffff window] (subtract=
ive decode)
[   11.630318] pci 0000:00:1e.0:   bridge window [io  0x1000-0x7fff window]=
 (subtractive decode)
[   11.633299] pci 0000:00:1e.0:   bridge window [io  0x0000-0x03af window]=
 (subtractive decode)
[   11.636299] pci 0000:00:1e.0:   bridge window [io  0x03e0-0x0cf7 window]=
 (subtractive decode)
[   11.639299] pci 0000:00:1e.0:   bridge window [io  0x0d00-0x0fff window]=
 (subtractive decode)
[   11.642299] pci 0000:00:1e.0:   bridge window [io  0x03b0-0x03bb window]=
 (subtractive decode)
[   11.644299] pci 0000:00:1e.0:   bridge window [io  0x03c0-0x03df window]=
 (subtractive decode)
[   11.647299] pci 0000:00:1e.0:   bridge window [mem 0x000a0000-0x000bffff=
 window] (subtractive decode)
[   11.650680] ACPI: PCI Interrupt Link [LNKA] (IRQs *5 7 10 11)
[   11.653341] ACPI: PCI Interrupt Link [LNKB] (IRQs 5 *7 10 11)
[   11.655338] ACPI: PCI Interrupt Link [LNKC] (IRQs 5 7 *10 11)
[   11.657337] ACPI: PCI Interrupt Link [LNKD] (IRQs 5 7 *10 11)
[   11.659337] ACPI: PCI Interrupt Link [LNKE] (IRQs *5 7 10 11)
[   11.661338] ACPI: PCI Interrupt Link [LNKF] (IRQs 5 *7 10 11)
[   11.663337] ACPI: PCI Interrupt Link [LNKG] (IRQs 5 7 10 11) *0, disable=
d.
[   11.665337] ACPI: PCI Interrupt Link [LNKH] (IRQs 5 7 10 11) *0, disable=
d.
[   11.667320ridge [PCI1] (domain 0000 [bus 20-3f])
[   12.168327] acpi PNP0A08:01: _OSC: OS supports [ExtendedConfig ASPM Cloc=
kPM Segments MSI HPX-Type3]
[   12.171379] acpi PNP0A08:01: _OSC: platform does not support [PCIeHotplu=
g SHPCHotplug PME AER PCIeCapability LTR]
[   12.175300] acpi PNP0A08:01: _OSC: not requesting control; platform does=
 not support [PCIeCapability]
[   12.178299] acpi PNP0A08:01: _OSC: OS requested [PCIeHotplug SHPCHotplug=
 PME AER PCIeCapability LTR]
[   12.181299] acpi PNP0A08:01: _OSC: platform willing to grant []
[   12.183299] acpi PNP0A08:01: _OSC failed (AE_SUPPORT); disabling ASPM
[   12.185396] PCI host bridge to bus 0000:20
[   12.186300] pci_bus 0000:20: root bus resource [mem 0xf8000000-0xfbfffff=
f window]
[   12.189299] pci_bus 0000:20: root bus resource [io  0x8000-0xffff window=
]
[   12.191299] pci_bus 0000:20: root bus resource [bus 20-3f]
[   12.193312] pci 0000:20:00.0: [8086:3c01] type 01 class 0x060400
[   12.195392] pci 0000:20:00.0: PME# supported from D0 D3hot D3cold
[   12.197388] pci 0000:20:01.0: [8086:3c02] type 01 class 0x060400
[   12.199398] pci 0000:20:01.0: PME# supported from D0 D3hot D3cold
[   12.201400] pci 0000:20:01.1: [8086:3c03] type 01 class 0x060400
[   12.203398] pci 0000:20:01.1: PME# supp3hot D3cold
[   12.604422] pci 0000:20:02.0: [8086:3c04] type 01 class 0x060400
[   12.607402] pci 0000:20:02.0: PME# supported from D0 D3hot D3cold
[   12.609400] pci 0000:20:02.1: [8086:3c05] type 01 class 0x060400
[   12.611398] pci 0000:20:02.1: PME# supported from D0 D3hot D3cold
[   12.613397] pci 0000:20:02.2: [8086:3c06] type 01 class 0x060400
[   12.615398] pci 0000:20:02.2: PME# supported from D0 D3hot D3cold
[   12.617403] pci 0000:20:02.3: [8086:3c07] type 01 class 0x060400
[   12.620397] pci 0000:20:02.3: PME# supported from D0 D3hot D3cold
[   12.622401] pci 0000:20:03.0: [8086:3c08] type 01 class 0x060400
[   12.624344] pci 0000:20:03.0: enabling Extended Tags
[   12.626354] pci 0000:20:03.0: PME# supported from D0 D3hot D3cold
[   12.628406] pci 0000:20:03.1: [8086:3c09] type 01 class 0x060400
[   12.630397] pci 0000:20:03.1: PME# supported from D0 D3hot D3cold
[   12.632402] pci 0000:20:03.2: [8086:3c0a] type 01 class 0x060400
[   12.634397] pci 0000:20:03.2: PME# supported from D0 D3hot D3cold
[   12.636397] pci 0000:20:03.3: [8086:3c0b] type 01 class 0x060400
[   12.638398] pci 0000:20:03.3: PME# supported from D0 D3hot D3cold
[   12.641409] pci 0000:20:04.0: [8086:3c20] type 00 class 0x088000
[   12.643318] pci 0000:20:04.0: reg 0x10: [mem 0xfbbf0000-0xfbbf3fff 64bit=
]
[   12.645434] pci 0000:20:04.1: [8086:3c21] type 00 class 0x088000
[   12.648317] pci 0000:20:04.1: reg 0x10: [mem 0xfbbe0000-0xfbbe3fff 64bit=
]
[   12.650426] pci 0000:20:04.2: [8086:3c22] type 00 class 0x088000
[   12.652317] pci 0000: [mem 0xfbbd0000-0xfbbd3fff 64bit]
[   13.153441] pci 0000:20:04.3: [8086:3c23] type 00 class 0x088000
[   13.155318] pci 0000:20:04.3: reg 0x10: [mem 0xfbbc0000-0xfbbc3fff 64bit=
]
[   13.158427] pci 0000:20:04.4: [8086:3c24] type 00 class 0x088000
[   13.160317] pci 0000:20:04.4: reg 0x10: [mem 0xfbbb0000-0xfbbb3fff 64bit=
]
[   13.162426] pci 0000:20:04.5: [8086:3c25] type 00 class 0x088000
[   13.164317] pci 0000:20:04.5: reg 0x10: [mem 0xfbba0000-0xfbba3fff 64bit=
]
[   13.166426] pci 0000:20:04.6: [8086:3c26] type 00 class 0x088000
[   13.169317] pci 0000:20:04.6: reg 0x10: [mem 0xfbb90000-0xfbb93fff 64bit=
]
[   13.171425] pci 0000:20:04.7: [8086:3c27] type 00 class 0x088000
[   13.173317] pci 0000:20:04.7: reg 0x10: [mem 0xfbb80000-0xfbb83fff 64bit=
]
[   13.175417] pci 0000:20:05.0: [8086:3c28] type 00 class 0x088000
[   13.177420] pci 0000:20:05.2: [8086:3c2a] type 00 class 0x088000
[   13.179416] pci 0000:20:05.4: [8086:3c2c] type 00 class 0x080020
[   13.182313] pci 0000:20:05.4: reg 0x10: [mem 0xfbb70000-0xfbb70fff]
[   13.184444] pci 0000:20:00.0: PCI bridge to [bus 31]
[   13.186354] pci 0000:20:01.0: PCI bridge to [bus 2a]
[   1:20:01.1: PCI bridge to [bus 2b]
[   13.688570] pci 0000:20:02.0: PCI bridge to [bus 27]
[   13.690343] pci 0000:20:02.1: PCI bridge to [bus 2c]
[   13.691544] pci 0000:24:00.0: [8086:150e] type 00 class 0x020000
[   13.694316] pci 0000:24:00.0: reg 0x10: [mem 0xfbf80000-0xfbffffff]
[   13.696317] pci 0000:24:00.0: reg 0x1c: [mem 0xfbf70000-0xfbf73fff]
[   13.698317] pci 0000:24:00.0: reg 0x30: [mem 0x00000000-0x0007ffff pref]
[   13.700352] pci 0000:24:00.0: PME# supported from D0 D3hot D3cold
[   13.702466] pci 0000:24:00.1: [8086:150e] type 00 class 0x020000
[   13.705316] pci 0000:24:00.1: reg 0x10: [mem 0xfbe80000-0xfbefffff]
[   13.707316] pci 0000:24:00.1: reg 0x1c: [mem 0xfbe70000-0xfbe73fff]
[   13.709367] pci 0000:24:00.1: PME# supported from D0 D3hot D3cold
[   13.711445] pci 0000:24:00.2: [8086:150e] type 00 class 0x020000
[   13.713315] pci 0000:24:00.2: reg 0x10: [mem 0xfbd80000-0xfbdfffff]
[   13.715316] pci 0000:24:00.2: reg 0x1c: [mem 0xfbd70000-0xfbd73fff]
[   13.717367] pci 0000:24:00.2: PME# supported from D0 D3hot D3cold
[   13.720437] pci 0000:24:00.3: [8086:150e] type 00 class 0x020000
[   13.722315] pci 0000:24:00.3: reg 0x10: [mem 0xfbc80000-0xfbcfffff]
[   13.724316] pci 0000:24:00.3: reg 0x1c: [mem 0xfbc70000-0xfb3.964376] pc=
i 0000:24:00.3: PME# supported from D0 D3hot D3cold
[   14.130329] pci 0000:20:02.2: PCI bridge to [bus 24]
[   14.132303] pci 0000:20:02.2:   bridge window [mem 0xfbc00000-0xfbffffff=
]
[   14.135341] pci 0000:20:02.3: PCI bridge to [bus 2d]
[   14.136539] pci 0000:20:03.0: PCI bridge to [bus 21]
[   14.138343] pci 0000:20:03.1: PCI bridge to [bus 2e]
[   14.140340] pci 0000:20:03.2: PCI bridge to [bus 2f]
[   14.142340] pci 0000:20:03.3: PCI bridge to [bus 30]
[   14.144618] iommu: Default domain type: Passthrough=20
[   14.146357] pci 0000:01:00.1: vgaarb: setting as boot VGA device
[   14.147297] pci 0000:01:00.1: vgaarb: VGA device added: decodes=3Dio+mem=
,owns=3Dio+mem,locks=3Dnone
[   14.151316] pci 0000:01:00.1: vgaarb: bridge control possible
[   14.153300] vgaarb: loaded
[   14.154542] SCSI subsystem initialized
[   14.156350] ACPI: bus type USB registered
[   14.157332] usbcore: registered new interface driver usbfs
[   14.159314] usbcore: registered new interface driver hub
[   14.161455] usbcore: registered new device driver usb
[   14.163344] pps_core: LinuxPPS API ver. 1 registered
[   14.165300] pps_core: Software vght 2005-2007 Rodolfo Giometti <giometti=
@linux.it>
[   14.666321] PTP clock support registered
[   14.667384] EDAC MC: Ver: 3.0.0
[   14.669364] PCI: Using ACPI for IRQ routing
[   14.670649] PCI: Discovered peer bus 1f
[   14.672324] PCI host bridge to bus 0000:1f
[   14.673300] pci_bus 0000:1f: root bus resource [io  0x0000-0xffff]
[   14.675299] pci_bus 0000:1f: root bus resource [mem 0x00000000-0x3ffffff=
fffff]
[   14.678299] pci_bus 0000:1f: No busn resource found for root bus, will u=
se [bus 1f-ff]
[   14.680300] pci_bus 0000:1f: busn_res: can not insert [bus 1f-ff] under =
domain [bus 00-ff] (conflicts with (null) [bus 00-1f])
[   14.684308] pci 0000:1f:08.0: [8086:3c80] type 00 class 0x088000
[   14.686366] pci 0000:1f:08.3: [8086:3c83] type 00 class 0x088000
[   14.688369] pci 0000:1f:08.4: [8086:3c84] type 00 class 0x088000
[   14.690378] pci 0000:1f:09.0: [8086:3c90] type 00 class 0x088000
[   14.693359] pci 0000:1f:09.3: [8086:3c93] type 00 class 0x088000
[   14.695370] pci 0000:1f:09.4: [8086:3c94] type 00 class 0x088000
[   14.697377] pci 0000:1f:0a.0: [8086:3cc0] type 00 class 0x088000
[   14.699345] pci 0000:1f:0a.1: [8086:3cc1] type 00 class 0x088000
[   14.701353] pci 0000:1f:0a.2: [8086:3cc2] type 00 class 0x088000
[   14.703344] pci 0000:1f:0a.3: [8086:3cd0] type 00 class 0x088000
[   14.705352] pci 0000:1f:0b.0: [8086:3ce0] type 00 class 0x088000
[ 000:1f:0b.3: [8086:3ce3] type 00 class 0x088000
[   15.208346] pci 0000:1f:0c.0: [8086:3ce8] type 00 class 0x088000
[   15.210404] pci 0000:1f:0c.1: [8086:3ce8] type 00 class 0x088000
[   15.212395] pci 0000:1f:0c.2: [8086:3ce8] type 00 class 0x088000
[   15.214388] pci 0000:1f:0c.6: [8086:3cf4] type 00 class 0x088000
[   15.216393] pci 0000:1f:0c.7: [8086:3cf6] type 00 class 0x088000
[   15.219384] pci 0000:1f:0d.0: [8086:3ce8] type 00 class 0x088000
[   15.221392] pci 0000:1f:0d.1: [8086:3ce8] type 00 class 0x088000
[   15.223385] pci 0000:1f:0d.2: [8086:3ce8] type 00 class 0x088000
[   15.225397] pci 0000:1f:0d.6: [8086:3cf5] type 00 class 0x088000
[   15.227386] pci 0000:1f:0e.0: [8086:3ca0] type 00 class 0x088000
[   15.230404] pci 0000:1f:0e.1: [8086:3c46] type 00 class 0x110100
[   15.232401] pci 0000:1f:0f.0: [8086:3ca8] type 00 class 0x088000
[   15.234430] pci 0000:1f:0f.1: [8086:3c71] type 00 class 0x088000
[   15.236425] pci 0000:1f:0f.2: [8086:3caa] type 00 class 0x088000
[   15.238415] pci 0000:1f:0f.3: [8086:3cab] type 00 class 0x088000
[   15.240421] pci 0000:1f:0f.4: [e 00 class 0x088000
[   15.641382] pci 0000:1f:0f.5: [8086:3cad] type 00 class 0x088000
[   15.644368] pci 0000:1f:0f.6: [8086:3cae] type 00 class 0x088000
[   15.646351] pci 0000:1f:10.0: [8086:3cb0] type 00 class 0x088000
[   15.648371] pci 0000:1f:10.1: [8086:3cb1] type 00 class 0x088000
[   15.650368] pci 0000:1f:10.2: [8086:3cb2] type 00 class 0x088000
[   15.652361] pci 0000:1f:10.3: [8086:3cb3] type 00 class 0x088000
[   15.654368] pci 0000:1f:10.4: [8086:3cb4] type 00 class 0x088000
[   15.657362] pci 0000:1f:10.5: [8086:3cb5] type 00 class 0x088000
[   15.659370] pci 0000:1f:10.6: [8086:3cb6] type 00 class 0x088000
[   15.661368] pci 0000:1f:10.7: [8086:3cb7] type 00 class 0x088000
[   15.663360] pci 0000:1f:11.0: [8086:3cb8] type 00 class 0x088000
[   15.665359] pci 0000:1f:13.0: [8086:3ce4] type 00 class 0x088000
[   15.667345] pci 0000:1f:13.1: [8086:3c43] type 00 class 0x110100
[   15.669353] pci 0000:1f:13.4: [8086:3ce6] type 00 class 0x110100
[   15.671343] pci 0000:1f:13.5: [8086:3c44] type 00 class 0x110100
[   15.673346] pci 0000:1f:13.6: [8086:3c45] type 00 class 0x088000
[   15.675353] pci_bus 0000:1f: busn_res: [bpdated to 1f
[   16.177316] pci_bus 0000:1f: busn_res: can not insert [bus 1f] under dom=
ain [bus 00-ff] (conflicts with (null) [bus 00-1f])
[   16.180733] PCI: Discovered peer bus 3f
[   16.182355] PCI host bridge to bus 0000:3f
[   16.184303] pci_bus 0000:3f: root bus resource [io  0x0000-0xffff]
[   16.186303] pci_bus 0000:3f: root bus resource [mem 0x00000000-0x3ffffff=
fffff]
[   16.188301] pci_bus 0000:3f: No busn resource found for root bus, will u=
se [bus 3f-ff]
[   16.191303] pci_bus 0000:3f: busn_res: can not insert [bus 3f-ff] under =
domain [bus 00-ff] (conflicts with (null) [bus 20-3f])
[   16.195317] pci 0000:3f:08.0: [8086:3c80] type 00 class 0x088000
[   16.197406] pci 0000:3f:08.3: [8086:3c83] type 00 class 0x088000
[   16.199430] pci 0000:3f:08.4: [8086:3c84] type 00 class 0x088000
[   16.202437] pci 0000:3f:09.0: [8086:3c90] type 00 class 0x088000
[   16.204400] pci 0000:3f:09.3: [8086:3c93] type 00 class 0x088000
[   16.206432] pci 0000:3f:09.4: [8086:3c94] type 00 class 0x088000
[   16.208425] pci 0000:3f:0a.0: [8086:3cc0] type 00 class 0x088000
[   16.211398] pci 0000:3f:0a.1: [8086:3cc1] type 00 class 0x088000
[   16.213386] pci 0000:3f:0a.2: [8086:3cc2] type 00 class 0x088000
[   16.215396] pci 0000:3f:0a.3: [8086:3cd0] typ0
[   16.715382] pci 0000:3f:0b.0: [8086:3ce0] type 00 class 0x088000
[   16.717355] pci 0000:3f:0b.3: [8086:3ce3] type 00 class 0x088000
[   16.720350] pci 0000:3f:0c.0: [8086:3ce8] type 00 class 0x088000
[   16.722358] pci 0000:3f:0c.1: [8086:3ce8] type 00 class 0x088000
[   16.724356] pci 0000:3f:0c.2: [8086:3ce8] type 00 class 0x088000
[   16.726350] pci 0000:3f:0c.6: [8086:3cf4] type 00 class 0x088000
[   16.728350] pci 0000:3f:0c.7: [8086:3cf6] type 00 class 0x088000
[   16.730347] pci 0000:3f:0d.0: [8086:3ce8] type 00 class 0x088000
[   16.732350] pci 0000:3f:0d.1: [8086:3ce8] type 00 class 0x088000
[   16.734348] pci 0000:3f:0d.2: [8086:3ce8] type 00 class 0x088000
[   16.736352] pci 0000:3f:0d.6: [8086:3cf5] type 00 class 0x088000
[   16.738348] pci 0000:3f:0e.0: [8086:3ca0] type 00 class 0x088000
[   16.741357] pci 0000:3f:0e.1: [8086:3c46] type 00 class 0x110100
[   16.743360] pci 0000:3f:0f.0: [8086:3ca8] type 00 class 0x088000
[   16.745378] pci 0000:3f:0f.1: [8086:3c71] type 00 class 0x088000
[   16.747377] pci 0000:3f:0f.2: [8086:3caa] type 00 class 0x088000
[   16.749371] pci 0000:3f:0f.3: [8086:3cab] type 00 class 0x088000
[   16.751377] pci 0000:3f:0f.4: [8086:3cac] type 00 class 0x088000
[    0000:3f:0f.5: [8086:3cad] type 00 class 0x088000
[   17.155385] pci 0000:3f:0f.6: [8086:3cae] type 00 class 0x088000
[   17.157351] pci 0000:3f:10.0: [8086:3cb0] type 00 class 0x088000
[   17.159372] pci 0000:3f:10.1: [8086:3cb1] type 00 class 0x088000
[   17.161371] pci 0000:3f:10.2: [8086:3cb2] type 00 class 0x088000
[   17.163365] pci 0000:3f:10.3: [8086:3cb3] type 00 class 0x088000
[   17.165371] pci 0000:3f:10.4: [8086:3cb4] type 00 class 0x088000
[   17.167366] pci 0000:3f:10.5: [8086:3cb5] type 00 class 0x088000
[   17.169373] pci 0000:3f:10.6: [8086:3cb6] type 00 class 0x088000
[   17.171368] pci 0000:3f:10.7: [8086:3cb7] type 00 class 0x088000
[   17.174363] pci 0000:3f:11.0: [8086:3cb8] type 00 class 0x088000
[   17.176356] pci 0000:3f:13.0: [8086:3ce4] type 00 class 0x088000
   17.206353] pci 0000:3f:13.4: [8086:3ce6] type 00 class 0x1101000
[   17.281347] pci 0000:3f:13.5: [8086:3c44] type 00 class 0x110100
[   17.284348] pci 0000:3f:13.6: [8086:3c45] type 00 class 0x088000
[   17.286353] pci_bus 0000:3f: busn_res: [bus 3f-ff] end is updated to 3f
[   17.288300] pci_bus 0000:3f: busn_res: can not insert [bus 3f] under dom=
ain [bus 00-ff] (conflicts with (null) [bus 20-3f])
[   17.297541] NetLabel: Initializing
[  Label:  domain hash size =3D 128
[   17.699311] NetLabel:  protocols =3D UNLABELED CIPSOv4 CALIPSO
[   17.701324] NetLabel:  unlabeled traffic allowed by default
[   17.703364] hpet0: at MMIO 0xfed00000, IRQs 2, 8, 0, 0, 0, 0, 0, 0
[   17.705300] hpet0: 8 comparators, 64-bit 14.318180 MHz counter
[   17.709376] clocksource: Switched to clocksource tsc-early
[   17.729217] VFS: Disk quotas dquot_6.6.0
[   17.730978] VFS: Dquot-cache hash table entries: 512 (order 0, 4096 byte=
s)
[   17.733600] pnp: PnP ACPI init
[   17.735324] system 00:00: [mem 0xf4ffe000-0xf4ffffff] could not be reser=
ved
[   17.738116] system 00:01: [io  0x0408-0x040f] has been reserved
[   17.740343] system 00:01: [io  0x04d0-0x04d1] has been reserved
[   17.742406] system 00:01: [io  0x0310-0x0315] has been reserved
[   17.744391] system 00:01: [io  0x0316-0x0317] has been reserved
[   17.746356] system 00:01: [io  0x0700-0x071f] has been reserved
[   17.748326] system 00:01: [io  0x0880-0x08ff] has been reserved
[   17.750291] system 00:01: [io  0x0900-0x097f] has been reserved
[   17.752338] system 00:01: [io  0x0cd4-0x0cd7] has been reserved
[   17.754449] system 00:01: [io  0x0cd0-0x0cd3] has been reserved
[   17.756423] system 00:01: [io  0x0f50-0x0f58] has been reserved
[   17.758447] system 00:01: [io  0x0ca0-0x0ca1] has been reserved
[   17.760415] system 00:01: [io  0x0ca4-0x0ca5] has been reserved
[   17.762680] system 00:01: [io  0x02f8-0x02ff] has been reserved
[   17.764663] system 00:01: [mefffff] has been reserved
[   18.266896] system 00:01: [mem 0xfe000000-0xfebfffff] has been reserved
[   18.269096] system 00:01: [mem 0xfc000000-0xfc000fff] has been reserved
[   18.271394] system 00:01: [mem 0xfed1c000-0xfed1ffff] has been reserved
[   18.273559] system 00:01: [mem 0xfed30000-0xfed3ffff] has been reserved
[   18.275722] system 00:01: [mem 0xfee00000-0xfee00fff] has been reserved
[   18.277869] system 00:01: [mem 0xff800000-0xffffffff] has been reserved
[   18.280573] system 00:06: [mem 0xfbafe000-0xfbafffff] could not be reser=
ved
[   18.282988] pnp: PnP ACPI: found 7 devices
[   18.286542] thermal_sys: Registered thermal governor 'fair_share'
[   18.286543] thermal_sys: Registered thermal governor 'step_wise'
[   18.288701] thermal_sys: Registered thermal governor 'user_space'
[   18.295364] clocksource: acpi_pm: mask: 0xffffff max_cycles: 0xffffff, m=
ax_idle_ns: 2085701024 ns
[   18.300542] pci 0000:00:02.0: BAR 14: assigned [mem 0xf4000000-0xf40ffff=
f]
[   18.302889] pci 0000:00:01.0: PCI bridge to [bus 08]
[   18.304546] pci 0000:00:01.1: PCI bridge to [bus 14]
[   18.306212] pci 0000:03:00.0: BAR 6: assigned [mem 0xf4000000-0xf403ffff=
 pref]
[   18.308572] pci 0000:03:00.1: BAR 6: assigned [mem 0xf4040000-0xf407ffff=
 pref]
[   18.311044] pci 0000:03:00.2: BAR 6: assigned [mem 0xf4080000-0xf40bffff=
 pref]
[   18.313437] pci 0000:03:00.3: BAR 6: assigned [mem 0xf40c0000-0xf40fffff=
 pref]
[   18.315877] pci 0000:00:02.0: PCI bridge t8.637415] pci 0000:00:02.0:   =
bridge window [mem 0xf4000000-0xf40fffff]
[   18.819939] pci 0000:00:02.0:   bridge window [mem 0xf6b00000-0xf6bfffff=
 64bit pref]
[   18.822597] pci 0000:00:02.1: PCI bridge to [bus 15]
[   18.824274] pci 0000:02:00.0: BAR 6: assigned [mem 0xf7c00000-0xf7c7ffff=
 pref]
[   18.826642] pci 0000:00:02.2: PCI bridge to [bus 02]
[   18.828303] pci 0000:00:02.2:   bridge window [io  0x5000-0x5fff]
[   18.830315] pci 0000:00:02.2:   bridge window [mem 0xf7c00000-0xf7dfffff=
]
[   18.832578] pci 0000:00:02.3: PCI bridge to [bus 16]
[   18.834202] pci 0000:06:00.0: BAR 6: assigned [mem 0xf7e00000-0xf7e1ffff=
 pref]
[   18.836586] pci 0000:06:00.1: BAR 6: assigned [mem 0xf7e20000-0xf7e3ffff=
 pref]
[   18.838980] pci 0000:05:02.0: PCI bridge to [bus 06]
[   18.840646] pci 0000:05:02.0:   bridge window [io  0x6000-0x6fff]
[   18.842730] pci 0000:05:02.0:   bridge window [mem 0xf7e00000-0xf7efffff=
]
[   18.844977] pci 0000:07:00.0: BAR 6: assigned [mem 0xf7f00000-0xf7f1ffff=
 pref]
[   18.847335] pci 0000:07:00.1: BAR 6: assigned [mem 0xf7f20000-0xf7f3ffff=
 pref]
[   18.849731] pci 0000:05:04.0: PCI bridge to [bus 07]
[   18.851439] pci 0000:05:04.0:   bridge window [io  0x7000-0x7fff]
[   18.853454] pci 0000:05:04.0:   bridge window [mem 0xf7f00000-0xf7ffffff=
]
[   18.855722] pci 0000ridge to [bus 05-07]
[   19.257355] pci 0000:04:00.0:   bridge window [io  0x6000-0x7fff]
[   19.259407] pci 0000:04:00.0:   bridge window [mem 0xf7e00000-0xfffff]
[   19.361806] pci 0000:00:03.0: PCI bridge to [bus 04-07]
[   19.363575] pci 0000:00:03.0:   bridge window [io  0x6000-0x7fff]
[   19.365617] pci 0000:00:03.0:   bridge window [mem 0xf7e00000-0xf7ffffff=
]
[   19.367898] pci 0000:00:03.1: PCI bridge to [bus 17]
[   19.369544] pci 0000:00:03.2: PCI bridge to [bus 18]
[   19.371306] pci 0000:00:03.3: PCI bridge to [bus 19]
[   19.373128] pci 0000:00:11.0: PCI bridge to [bus 1b]
[   19.374804] pci 0000:00:1c.0: PCI bridge to [bus 0b]
[   19.376468] pci 0000:01:00.2: BAR 6: assigned [mem 0xf6d00000-0xf6d0ffff=
 pref]
[   19.378869] pci 0000:00:1c.7: PCI bridge to [bus 01]
[   19.380511] pci 0000:00:1c.7:   bridge window [io  0x3000-0x3fff]
[   19.382621] pci 0000:00:1c.7:   bridge window [mem 0xf6d00000-0xf7bfffff=
]
[   19.384886] pci 0000:00:1c.7:   bridge window [mem 0xf5000000-0xf5ffffff=
 64bit pref]
[   19.387448] pci 0000:00:1e.0: PCI bridge to [bus 1a]
[   19.389126] pci_bus 0000:00: resource 4 [mem 0xf4000000-0xf7ffffff windo=
w]
[   19.391497] pci_bus 0000:00: resource 5 [io  0x1000-0x7fff window]
[   19.393702] pci_bus 0000:00: resource 6 [io  0x0000-0x03af window]
[   19.395793] pci_bus 0000:00: resource 7 [io  0x03e0-0x0cf7 window]
[   19.397855] pci_bus 0000:00: resource 8 [io  0x0dow]
[   19.799842] pci_bus 0000:00: resource 9 [io  0x03b0-0x03bb window]
[   19.801989] pci_bus 0000:00: resource 10 [io  0x03c0-0x03df window]
[   19.804086] pci_bus 0000:00: resource 11 [mem 0x000a0000-0x000bffff wind=
ow]
[   19.806402] pci_bus 0000:03: resource 1 [mem 0xf4000000-0xf40fffff]
[   19.808484] pci_bus 0000:03: resource 2 [mem 0xf6b00000-0xf6bfffff 64bit=
 pref]
[   19.810973] pci_bus 0000:02: resource 0 [io  0x5000-0x5fff]
[   19.812839] pci_bus 0000:02: resource 1 [mem 0xf7c00000-0xf7dfffff]
[   19.814923] pci_bus 0000:04: resource 0 [io  0x6000-0x7fff]
[   19.816775] pci_bus 0000:04: resource 1 [mem 0xf7e00000-0xf7ffffff]
[   19.819253] pci_bus 0000:05: resource 0 [io  0x6000-0x7fff]
[   19.821204] pci_bus 0000:05: resource 1 [mem 0xf7e00000-0xf7ffffff]
[   19.823295] pci_bus 0000:06: resource 0 [io  0x6000-0x6fff]
[   19.825155] pci_bus 0000:06: resource 1 [mem 0xf7e00000-0xf7efffff]
[   19.827238] pci_bus 0000:07: resource 0 [io  0x7000-0x7fff]
[   19.829088] pci_bus 0000:07: resource 1 [mem 0xf7f00000-0xf7ffffff]
[   19.831228] pci_bus 0000:01: resource 0 [io  0x3000-0x3fff]
[   19.833094] pci_bus 0000:01: resource 1 [mem 0xf6d00000-0xf7bfffff]
[   19.835160] pci_bus 0000:01: resource 2 [mem 0xf5000000-0xf5ffffff 64bit=
 pref]
[   19.837544] pci_bus 0000:1a: resource 4 [memffff window]
[   20.339881] pci_bus 0000:1a: resource 5 [io  0x1000-0x7fff window]
[   20.342032] pci_bus 0000:1a: resource 6 [io  0x0000-0x03af window]
[   20.344092] pci_bus 0000:1a: resource 7 [io  0x03e0-0x0cf7 window]
[   20.346161] pci_bus 0000:1a: resource 8 [io  0x0d00-0x0fff window]
[   20.348216] pci_bus 0000:1a: resource 9 [io  0x03b0-0x03bb window]
[   20.350263] pci_bus 0000:1a: resource 10 [io  0x03c0-0x03df window]
[   20.352441] pci_bus 0000:1a: resource 11 [mem 0x000a0000-0x000bffff wind=
ow]
[   20.354789] pci 0000:20:00.0: PCI bridge to [bus 31]
[   20.356429] pci 0000:20:01.0: PCI bridge to [bus 2a]
[   20.358097] pci 0000:20:01.1: PCI bridge to [bus 2b]
[   20.359730] pci 0000:20:02.0: PCI bridge to [bus 27]
[   20.361478] pci 0000:20:02.1: PCI bridge to [bus 2c]
[   20.363145] pci 0000:24:00.0: BAR 6: no space for [mem size 0x00080000 p=
ref]
[   20.365454] pci 0000:24:00.0: BAR 6: failed to assign [mem size 0x000800=
00 pref]
[   20.367913] pci 0000:20:02.2: PCI bridge to [bus 24]
[   20.369552] pci 0000:20:02.2:   bridge window [mem 0xfbc00000-0xfbffffff=
]
[   20.371906] pci 0000:20:02.3: PCI bridge to [bus 2d]
[   20.373547] pci 0000:20:03.0: PCI bridge to [bus 21]
[   20.375215] pci 0000:20:0 [bus 2e]
[   20.876705] pci 0000:20:03.2: PCI bridge to [bus 2f]
[   20.878386] pci 0000:20:03.3: PCI bridge to [bus 30]
[   20.880085] pci_bus 0000:20: resource 4 [mem 0xf8000000-0xfbffffff windo=
w]
[   20.882435] pci_bus 0000:20: resource 5 [io  0x8000-0xffff window]
[   20.884509] pci_bus 0000:24: resource 1 [mem 0xfbc00000-0xfbffffff]
[   20.886649] pci_bus 0000:1f: resource 4 [io  0x0000-0xffff]
[   20.888533] pci_bus 0000:1f: resource 5 [mem 0x00000000-0x3fffffffffff]
[   20.890763] pci_bus 0000:3f: resource 4 [io  0x0000-0xffff]
[   20.892658] pci_bus 0000:3f: resource 5 [mem 0x00000000-0x3fffffffffff]
[   20.895045] NET: Registered protocol family 2
[   20.897388] tcp_listen_portaddr_hash hash table entries: 32768 (order: 7=
, 524288 bytes, vmalloc)
[   20.900812] TCP established hash table entries: 524288 (order: 10, 41943=
04 bytes, vmalloc)
[   20.905111] TCP bind hash table entries: 65536 (order: 8, 1048576 bytes,=
 vmalloc)
[   20.907840] TCP: Hash tables configured (established 524288 bind 65536)
[   20.910523] UDP hash table entries: 32768 (order: 8, 1048576 bytes, vmal=
loc)
[   20.913415] UDP-Lite hash table entries: 32768 (order: 8, 1048576 bytes,=
 vmalloc)
[   20.916705] NET: Registered protocol family 1
[   20.918202] NET: Registfamily 44
[   21.332516] pci 0000:00:1a.0: quirk_usb_early_handoff+0x0/0x646 took 125=
25 usecs
[   21.347493] pci 0000:00:1d.0: quirk_usb_early_handoff+0x0/0x646 took 121=
22 usecs
[   21.350087] pci 0000:01:00.1: Video device with shadowed ROM at [mem 0x0=
00c0000-0x000dffff]
[   21.353697] PCI: CLS 64 bytes, default 64
[   21.355187] Trying to unpack rootfs image as initramfs...
[   21.961948] Freeing initrd memory: 27624K
[   21.964834] DMAR: dmar0: Using Queued invalidation
[   21.966527] DMAR: dmar1: Using Queued invalidation
[   21.969477] pci 0000:00:00.0: Adding to iommu group 0
[   21.971390] pci 0000:00:01.0: Adding to iommu group 1
[   21.973173] pci 0000:00:01.1: Adding to iommu group 2
[   21.974930] pci 0000:00:02.0: Adding to iommu group 3
[   21.976672] pci 0000:00:02.1: Adding to iommu group 4
[   21.978446] pci 0000:00:02.2: Adding to iommu group 5
[   21.980224] pci 0000:00:02.3: Adding to iommu group 6
[   21.982096] pci 0000:00:03.0: Adding to iommu group 7
[   21.983868] pci 0000:00:03.1: Adding to iommu group 8
[   21.985644] pci 0000:00:03.2: Adding to iommu group 9
[   21.987484] pci 0000:00:03.3: Adding to iommu group 10
[   21.989830] pci 0000:00:04.0: Adding to iommu group 11
[   21.991738] pci 0000:00:04.1: Adding to iommu group 11
[   21.993557] pci 0000:00:04.2: Adding to iommu group 11
[   21.995360] pci 0000:00:04.3: Adding to iommu group 11
[   21.997145] pci 0000:00:04.4: Adding to iommu group 11
[   21.998915] pci 0000:00:04.5: Adding to iommu group 11
[   22.000694] pci 0000:00:04.6: Adding to iommu group 11
[   22.002569] pci 0000:00:04.7: Adding to iommu group 11
[   22.004556] pci 0000:00:05.0: Adding to iommu group 12
[   22.006388] pci 0000:00:05.2: Adding to iommu group 12
[   22.008186] pci 0000:00:05.4: Adding to iommu group 12
[   22.009968] pci 0000:00:11.0: Adding to iommu group 13
[   22.011815] pci 0000:00:1a.0: Adding to iommu group 14
[   22.013605] pci 0000:00:1c.0: Adding to iommu group 15
[   22.015408] pci 0000:00:1c.7: Adding to iommu group 16
[   22.017216] pci 0000:00:1d.0: Adding to iommu group 17
[   22.018991] pci 0000:00:1e.0: Adding to iommu group 18
[   22.021826] pci 0000:00:1e.0: Using iommu dma mapping
[   22.023783] pci 0000:00:1f.0: Adding to iommu group 19
[   22.025667] pci 0000:00:1f.2: Adding to iommu group 19
[   22.028569] pci 0000:00:1f.2: DMAR: Setting identity map- 0xe8fff]
[   22.331183] pci 0000:00:1f.2: DMAR: Setting identity map [0xf4000 - 0xf4=
fff]
[   22.333546] pci 0000:00:1f.2: DMAR: Setting identity map [0xbdf6e000 - 0=
xbdf6efff]
[   22.336099] pci 0000:00:1f.2: DMAR: Setting identity map [0xbdf6f000 - 0=
xbdf7efff]
[   22.338604] pci 0000:00:1f.2: DMAR: Setting identity map [0xbdf7f000 - 0=
xbdf82fff]
[   22.341189] pci 0000:00:1f.2: DMAR: Setting identity map [0xbdf83000 - 0=
xbdf84fff]
[   22.343700] pci 0000:00:1f.2: DMAR: Device uses a private dma domain.
[   22.346001] pci 0000:03:00.0: Adding to iommu group 20
[   22.348727] pci 0000:03:00.0: Using iommu dma mapping
[   22.350644] pci 0000:03:00.1: Adding to iommu group 20
[   22.352833] pci 0000:03:00.2: Adding to iommu group 20
[   22.354619] pci 0000:03:00.3: Adding to iommu group 20
[   22.356423] pci 0000:02:00.0: Adding to iommu group 21
[   22.358999] pci 0000:02:00.0: Using iommu dma mapping
[   22.360785] pci 0000:04:00.0: Adding to iommu group 22
[   22.362623] pci 0000:05:02.0: Adding to iommu group 23
[   22.364412] pci 0000:05:04.0: Adding to iommu group 24
[   22.366172] pci 0000:06:00.0: Adding to iommu group 23
[   22.368762] pci 0000:06:00.0: DMAR: Setting identity map [0xe8000 - 0xe8=
fff]
[   22.371290] pci 0000:06:00.0: DMAR: Setting identity map [0xf4000 - 0xf4=
fff]
[   22.373646] pci 0000:06:00.0: DMAR: Setting ide000 - 0xbdf6efff]
[   22.876042] pci 0000:06:00.0: DMAR: Setting identity map [0xbdf6f000 - 0=
xbdf7efff]
[   22.878572] pci 0000:06:00.0: DMAR: Setting identity map [0xbdf7f000 - 0=
xbdf82fff]
[   22.881167] pci 0000:06:00.0: DMAR: Setting identity map [0xbdf83000 - 0=
xbdf84fff]
[   22.883729] pci 0000:06:00.0: DMAR: Device uses a private dma domain.
[   22.885899] pci 0000:06:00.1: Adding to iommu group 23
[   22.888675] pci 0000:06:00.1: DMAR: Setting identity map [0xe8000 - 0xe8=
fff]
[   22.891216] pci 0000:06:00.1: DMAR: Setting identity map [0xf4000 - 0xf4=
fff]
[   22.893576] pci 0000:06:00.1: DMAR: Setting identity map [0xbdf6e000 - 0=
xbdf6efff]
[   22.896119] pci 0000:06:00.1: DMAR: Setting identity map [0xbdf6f000 - 0=
xbdf7efff]
[   22.898620] pci 0000:06:00.1: DMAR: Setting identity map [0xbdf7f000 - 0=
xbdf82fff]
[   22.901232] pci 0000:06:00.1: DMAR: Setting identity map [0xbdf83000 - 0=
xbdf84fff]
[   22.903736] pci 0000:06:00.1: DMAR: Device uses a private dma domain.
[   22.905906] pci 0000:07:00.0: Adding to iommu group 24
[   22.908705] pci 0000:07:00.0: DMAR: Setting identity map [0xe8000 - 0xe8=
fff]
[   22.911149] pci 0000:07:00.0: DMAR: Setting identity map [0xf4000 - 0xf4=
fff]
[   22.913483] pci 0000:07:00.0: DMAR: Setting identity map [0xbdf6e000 - 0=
xbdf6efff]
[   22.9100.0: DMAR: Setting identity map [0xbdf6f000 - 0xbdf7efff]
[   23.418361] pci 0000:07:00.0: DMAR: Setting identity map [0xbdf7f000 - 0=
xbdf82fff]
[   23.420922] pci 0000:07:00.0: DMAR: Setting identity map [0xbdf83000 - 0=
xbdf84fff]
[   23.423506] pci 0000:07:00.0: DMAR: Device uses a private dma domain.
[   23.425680] pci 0000:07:00.1: Adding to iommu group 24
[   23.428513] pci 0000:07:00.1: DMAR: Setting identity map [0xe8000 - 0xe8=
fff]
[   23.430910] pci 0000:07:00.1: DMAR: Setting identity map [0xf4000 - 0xf4=
fff]
[   23.433253] pci 0000:07:00.1: DMAR: Setting identity map [0xbdf6e000 - 0=
xbdf6efff]
[   23.435794] pci 0000:07:00.1: DMAR: Setting identity map [0xbdf6f000 - 0=
xbdf7efff]
[   23.438329] pci 0000:07:00.1: DMAR: Setting identity map [0xbdf7f000 - 0=
xbdf82fff]
[   23.440806] pci 0000:07:00.1: DMAR: Setting identity map [0xbdf83000 - 0=
xbdf84fff]
[   23.443733] pci 0000:07:00.1: DMAR: Device uses a private dma domain.
[   23.446201] pci 0000:01:00.0: Adding to iommu group 25
[   23.448949] pci 0000:01:00.0: Using iommu dma mapping
[   23.450807] pci 0000:01:00.1: Adding to iommu group 25
[   23.452666] pci 0000:01:00.1: DMAR: Device uses a private identity domai=
n.
[   23.455063] pci 0000:01:00.2: Adding to iommu group 25
[   23.456881] pci 0000:01:00.4: Adding to iommu group 25
[   23.458693] pci 0000:01:00.4: DMAR: Device uses a private identity domai=
n.
[   20000:20:00.0: Adding to iommu group 26
[   23.863235] pci 0000:20:01.0: Adding to iommu group 27
[   23.864997] pci 0000:20:01.1: Adding to iommu group 28
[   23.866787] pci 0000:20:02.0: Adding to iommu group 29
[   23.868564] pci 0000:20:02.1: Adding to iommu group 30
[   23.870356] pci 0000:20:02.2: Adding to iommu group 31
[   23.872220] pci 0000:20:02.3: Adding to iommu group 32
[   23.874108] pci 0000:20:03.0: Adding to iommu group 33
[   23.875874] pci 0000:20:03.1: Adding to iommu group 34
[   23.877645] pci 0000:20:03.2: Adding to iommu group 35
[   23.879420] pci 0000:20:03.3: Adding to iommu group 36
[   23.881489] pci 0000:20:04.0: Adding to iommu group 37
[   23.883311] pci 0000:20:04.1: Adding to iommu group 37
[   23.885099] pci 0000:20:04.2: Adding to iommu group 37
[   23.886864] pci 0000:20:04.3: Adding to iommu group 37
[   23.888666] pci 0000:20:04.4: Adding to iommu group 37
[   23.890448] pci 0000:20:04.5: Adding to iommu group 37
[   23.892312] pci 0000:20:04.6: Adding to iommu group 37
[   23.894083] pci 0000:20:04.7: Adding to iommu group 37
[   23.895908] pci 0000:20:05.0: Adding to iommu group 38
[   23.897716] pci 0000:20:05.2: Adding to iommu group 38
[   23.899485] pci 0000:20:05.4: Adding to iommu group 38
 0000:24:00.0: Adding to iommu group 39
[   24.403648] pci 0000:24:00.0: Using iommu dma mapping
[   24.405409] pci 0000:24:00.1: Adding to iommu group 40
[   24.407944] pci 0000:24:00.1: Using iommu dma mapping
[   24.409766] pci 0000:24:00.2: Adding to iommu group 41
[   24.412328] pci 0000:24:00.2: Using iommu dma mapping
[   24.414090] pci 0000:24:00.3: Adding to iommu group 42
[   24.416661] pci 0000:24:00.3: Using iommu dma mapping
[   24.418508] pci 0000:1f:08.0: Adding to iommu group 43
[   24.420275] pci 0000:1f:08.3: Adding to iommu group 43
[   24.422094] pci 0000:1f:08.4: Adding to iommu group 43
[   24.423909] pci 0000:1f:09.0: Adding to iommu group 44
[   24.425662] pci 0000:1f:09.3: Adding to iommu group 44
[   24.427422] pci 0000:1f:09.4: Adding to iommu group 44
[   24.429261] pci 0000:1f:0a.0: Adding to iommu group 45
[   24.431027] pci 0000:1f:0a.1: Adding to iommu group 45
[   24.432807] pci 0000:1f:0a.2: Adding to iommu group 45
[   24.434570] pci 0000:1f:0a.3: Adding to iommu group 45
[   24.436381] pci 0000:1f:0b.0: Adding to iommu 703489] pci 0000:1f:0b.3: =
Adding to iommu group 46
[   24.939961] pci 0000:1f:0c.0: Adding to iommu group 47
[   24.941867] pci 0000:1f:0c.1: Adding to iommu group 47
[   24.943993] pci 0000:1f:0c.2: Adding to iommu group 47
[   24.945768] pci 0000:1f:0c.6: Adding to iommu group 47
[   24.947541] pci 0000:1f:0c.7: Adding to iommu group 47
[   24.949401] pci 0000:1f:0d.0: Adding to iommu group 48
[   24.951231] pci 0000:1f:0d.1: Adding to iommu group 48
[   24.952980] pci 0000:1f:0d.2: Adding to iommu group 48
[   24.954754] pci 0000:1f:0d.6: Adding to iommu group 48
[   24.956551] pci 0000:1f:0e.0: Adding to iommu group 49
[   24.958336] pci 0000:1f:0e.1: Adding to iommu group 49
[   24.960261] pci 0000:1f:0f.0: Adding to iommu group 50
[   24.962081] pci 0000:1f:0f.1: Adding to iommu group 50
[   24.963851] pci 0000:1f:0f.2: Adding to iommu group 50
[   24.965614] pci 0000:1f:0f.3: Adding to iommu group 50
[   24.967385] pci 0000:1f:0f.4: Adding to iommu group 50
[   24.969123] pci 0000:1f:0f.5: Adding to iommu group 50
[   24.970869] pci 0000:1f:0f.6: Adding to iommu group 50
[   24.972896] pci 0000:1f:10.0: Adding to iommu group 51
[   24.974675] pci 0000:1f:10.1: Adding to iommu group 51
[   24.976455] pci 0000:1f:10.2: Adding to iom[   25.326604] pci 0000:1f:10=
.3: Adding to iommu group 51
[   25.380003] pci 0000:1f:10.4: Adding to iommu group 51
[   25.381891] pci 0000:1f:10.5: Adding to iommu group 51
[   25.383686] pci 0000:1f:10.6: Adding to iommu group 51
[   25.385482] pci 0000:1f:10.7: Adding to iommu group 51
[   25.387300] pci 0000:1f:11.0: Adding to iommu group 52
[   25.389312] pci 0000:1f:13.0: Adding to iommu group 53
[   25.391349] pci 0000:1f:13.1: Adding to iommu group 53
[   25.393129] pci 0000:1f:13.4: Adding to iommu group 53
[   25.394894] pci 0000:1f:13.5: Adding to iommu group 53
[   25.396686] pci 0000:1f:13.6: Adding to iommu group 53
[   25.398528] pci 0000:3f:08.0: Adding to iommu group 54
[   25.400352] pci 0000:3f:08.3: Adding to iommu group 54
[   25.402221] pci 0000:3f:08.4: Adding to iommu group 54
[   25.404066] pci 0000:3f:09.0: Adding to iommu group 55
[   25.405879] pci 0000:3f:09.3: Adding to iommu group 55
[   25.407674] pci 0000:3f:09.4: Adding to iommu group 55
[   25.409562] pci 0000:3f:0a.0: Adding to iommu group 56
[   25.411460] pci 0000:3f:0a.1: Adding to iommu group 56
[   25.413273] pci 0000:3f:0a.2: Adding to iommu group 56
[   25.415047] pci 0000:3f:0a.3: Adding to iommu group 56
[   25.416b.0: Adding to iommu group 57
[   25.918495] pci 0000:3f:0b.3: Adding to iommu group 57
[   25.920362] pci 0000:3f:0c.0: Adding to iommu group 58
[   25.922191] pci 0000:3f:0c.1: Adding to iommu group 58
[   25.923959] pci 0000:3f:0c.2: Adding to iommu group 58
[   25.925736] pci 0000:3f:0c.6: Adding to iommu group 58
[   25.927515] pci 0000:3f:0c.7: Adding to iommu group 58
[   25.929366] pci 0000:3f:0d.0: Adding to iommu group 59
[   25.931135] pci 0000:3f:0d.1: Adding to iommu group 59
[   25.932904] pci 0000:3f:0d.2: Adding to iommu group 59
[   25.934675] pci 0000:3f:0d.6: Adding to iommu group 59
[   25.936462] pci 0000:3f:0e.0: Adding to iommu group 60
[   25.938236] pci 0000:3f:0e.1: Adding to iommu group 60
[   25.940133] pci 0000:3f:0f.0: Adding to iommu group 61
[   25.941962] pci 0000:3f:0f.1: Adding to iommu group 61
[   25.944009] pci 0000:3f:0f.2: Adding to iommu group 61
[   25.945804] pci 0000:3f:0f.3: Adding to iommu group 61
[   25.947577] pci 0000:3f:0f.4: Adding to iommu group 61
[   25.949357] pci 0000:3f:0f.5: Adding to iommu group 61
[   25.951128] pci 0000:3f:0f.6: Adding to iommu group 61
[   25.953074] pci 0000:3f:10.0: Adding to iommu group 62
[   25.954857] pci 0000:3f:10.1: Adding to iommu group 62
[   25.956616] pci 0000:3f:10.2: Adding to iommu group 62
[   25.958398] pci 0000:3f:10.3: Adding to iommu group 62
[   25.960159] pci 0000:3f:10.4: Adding to iommu group 62
[   25.962000] pci 0000:3f:10.5: Adding to[   26.414163] pci 0000:3f:10.6: =
Adding to iommu group 62
[   26.465351] pci 0000:3f:10.7: Adding to iommu group 62
[   26.467129] pci 0000:3f:11.0: Adding to iommu group 63
[   26.469007] pci 0000:3f:13.0: Adding to iommu group 64
[   26.470777] pci 0000:3f:13.1: Adding to iommu group 64
[   26.472631] pci 0000:3f:13.4: Adding to iommu group 64
[   26.474409] pci 0000:3f:13.5: Adding to iommu group 64
[   26.476155] pci 0000:3f:13.6: Adding to iommu group 64
[   26.477875] DMAR: Intel(R) Virtualization Technology for Directed I/O
[   26.506031] Initialise system trusted keyrings
[   26.507588] Key type blacklist registered
[   26.509032] workingset: timestamp_bits=3D36 max_order=3D24 bucket_order=
=3D0
[   27.272245] zbud: loaded
[   27.493313] tsc: Refined TSC clocksource calibration: 2294.470 MHz
[   27.495552] clocksource: tsc: mask: 0xffffffffffffffff max_cycles: 0x211=
2cd48ccb, max_idle_ns: 440795253384 ns
[   27.498868] DMAR: DRHD: handling fault status reg 2
[   27.498868] DMAR: [DMA Read] Request device [02:00.0] PASID ffffffff fau=
lt addr bdf83000 [fault reason 06] PTE Read access is not set
[   27.498868] DMAR: [DMA Read] Request device [01:00.2] PASID ffffffff fau=
lt addr f4000 [fault reason 06] PTE Read access is not set
[   27.498868] NMI: IOCK error (debug interrupt?) for reason 71 on CPU 0.
[   27.498868] CPU: 0 PID: 0 Comm: swapper/0 Not tainted 5.4.0-1.elrdy.x86_=
64 #1
[   27.498868] Hardware name: HP ProLiant DL388p Gen8, BIOS P70 07/01/2015
[   27.498868] RIP: 0010:do_IRQ+0x37/0xe0
[   27.498868] Code: 65 4c 8b 25 63 36 81 77 f7 d3 65 48 89 3d 59 36 81 77 =
e8 cc c7 6d ff 89 dd 65 c6 05 64 74 82 77 01 65 48 8b 3c ed 40 53 01 00 <48=
> 85 ff 74 4e 48 81 ff 00 f0 ff ff 77 20 48 8b 47 68 e8 c2 f2 1f
[   27.498868] RSP: 0000:ffffc19240003fd8 EFLAGS: 00000086
[   27.498868] RAX: 0000000080000000 RBX: 0000000000000022 RCX: 000000062c1=
38e70
[   27.498868] RDX: 00000000000f00a5 RSI: 000000062c138e31 RDI: ffff9f10c7c=
0da00
[   27.498868] RBP: 0000000000000022 R08: fffffffffff0bdca R09: 00000000000=
29180
[   27.498868] R10: 0001009128a2c99d R11: 0000000000000000 R12: 00000000000=
00000
[   27.498868] R13: 0000000000000000 R14: 0000000000000000 R15: 00000000000=
00000
[   27.498868] FS:  0000000000000000(0000) GS:ffff9f109f400000(0000) knlGS:=
0000000000000000
[   27.498868] CS:  0010 DS: 0000 ES: 0000 CR0: 0000000080050033
[   27.498868] CR2: ffff9f0fc9e01000 CR3: 000000074900a001 CR4: 00000000000=
606f0
[   27.498868] Call Trace:
[   27.498868]  <IRQ>
[   27.498868]  common_interrupt+0xf/0xf
[   27.498868]  </IRQ>
[   27.498868] RIP: 0010:mwait_idle+0x94/0x1c0
[   27.498868] Code: 00 5f 01 00 48 89 d1 0f 01 c8 48 8b 00 a8 08 0f 85 a3 =
00 00 00 e9 07 00 00 00 0f 00 2d 27 79 51 00 31 c0 48 89 c1 fb 0f 01 c9 <65=
> 8b 2d e5 49 92 77 66 66 66 66 90 e9 7c ff ff ff 65 8b 05 d4 49
[   27.498868] RSP: 0000:ffffffff89203ea8 EFLAGS: 00000246 ORIG_RAX: ffffff=
ffffffffdd
[   27.498868] RAX: 0000000000000000 RBX: 0000000000000 RCX: 00000000000000=
00
[   27.498868] RDX: 0000000000000000 RSI: 0000000000000000 RDI: 000000050e9=
94e82
[   27.498868] RBP: 0000000000000000 R08: fffffffffff0cdba R09: 00000000000=
29180
[   27.498868] R10: 00010091281774e6 R11: 0000000000000000 R12: 00000000000=
00000
[   27.498868] R13: 0000000000000000 R14: 0000000000000000 R15: 00000000000=
00000
[   27.498868]  ? tick_nohz_idle_stop_tick+0xb3/0xc0
[   27.498868]  do_idle+0x1ad/0x230
[   27.498868]  cpu_startup_entry+0x19/0x20
[   27.498868]  start_kernel+0x521/0x53f
[   27.498868]  secondary_startup_64+0xb6/0xc0
[   27.498868] NMI: IOCK error (debug interrupt?) for reason 61 on CPU 0.
[   27.498868] CPU: 0 PID: 0 Comm: swapper/0 Not tainted 5.4.0-1.elrdy.x86_=
64 #1
[   27.498868] Hardware name: HP ProLiant DL388p Gen8, BIOS P70 07/01/2015
[   27.498868] RIP: 0010:do_IRQ+0x37/0xe0
[   27.498868] Code: 65 4c 8b 25 63 36 81 77 f7 d3 65 48 89 3d 59 36 81 77 =
e8 cc c7 6d ff 89 dd 65 c6 05 64 74 82 77 01 65 48 8b 3c ed 40 53 01 00 <48=
> 85 ff 74 4e 48 81 ff 00 f0 ff ff 77 20 48 8b 47 68 e8 c2 f2 1f
[   27.498868] RSP: 0000:ffffc19240003fd8 EFLAGS: 00000086
[   27.498868] RAX: 0000000080000000 RBX: 0000000000000022 RCX: 000000062c1=
38e70
[   27.498868] RDX: 00000000000f00a5 RSI: 000000062c138e30c7c0da00
[   27.498868] RBP: 0000000000000022 R08: fffffffffff0bdca R09: 00000000000=
29180
[   27.498868] R10: 0001009128a2c99d R11: 0000000000000000 R12: 00000000000=
00000
[   27.498868] R13: 0000000000000000 R14: 0000000000000000 R15: 00000000000=
00000
[   27.498868] FS:  0000000000000000(0000) GS:ffff9f109f400000(0000) knlGS:=
0000000000000000
[   27.498868] CS:  0010 DS: 0000 ES: 0000 CR0: 0000000080050033
[   27.498868] CR2: ffff9f0fc9e01000 CR3: 000000074900a001 CR4: 00000000000=
606f0
[   27.498868] Call Trace:
[   27.498868]  <IRQ>
[   27.498868]  common_interrupt+0xf/0xf
[   27.498868]  </IRQ>
[   27.498868] RIP: 0010:mwait_idle+0x94/0x1c0
[   27.498868] Code: 00 5f 01 00 48 89 d1 0f 01 c8 48 8b 00 a8 08 0f 85 a3 =
00 00 00 e9 07 00 00 00 0f 00 2d 27 79 51 00 31 c0 48 89 c1 fb 0f 01 c9 <65=
> 8b 2d e5 49 92 77 66 66 66 66 90 e9 7c ff ff ff 65 8b 05 d4 49
[   27.498868] RSP: 0000:ffffffff89203ea8 EFLAGS: 00000246 ORIG_RAX: ffffff=
ffffffffdd
[   27.498868] RAX: 0000000000000000 RBX: 0000000000000000 RCX: 00000000000=
00000
[   27.498868] RDX: 0000000000000000 RSI: 0000000000000000 RDI: 000000050e9=
94e82
[   27.498868] RBP: 0000000000000000 R08: fffffffffff0cdba R09: 00000000000=
29180
[   27.498868] R10: 00010091281774e6 R11: 0000000000000000 R12: 00000000000=
00000
[   27.498868] R13: 0000000000000000 R14: 0000000000000000 R15: 00000000000=
00000
[   27.498868]  ? tick_nohz_idle_stop_tick+0xb3/0xc0
[   27.498868]  do_idle+0x1ad/0x230
[   27.498868]  cpu_sta20
[   27.498868]  start_kernel+0x521/0x53f
[   27.498868]  secondary_startup_64+0xb6/0xc0
[   27.498868] NMI: IOCK error (debug interrupt?) for reason 71 on CPU 0.
[   27.498868] CPU: 0 PID: 0 Comm: swapper/0 Not tainted 5.4.0-1.elrdy.x86_=
64 #1
[   27.498868] Hardware name: HP ProLiant DL388p Gen8, BIOS P70 07/01/2015
[   27.498868] RIP: 0010:do_IRQ+0x37/0xe0
[   27.498868] Code: 65 4c 8b 25 63 36 81 77 f7 d3 65 48 89 3d 59 36 81 77 =
e8 cc c7 6d ff 89 dd 65 c6 05 64 74 82 77 01 65 48 8b 3c ed 40 53 01 00 <48=
> 85 ff 74 4e 48 81 ff 00 f0 ff ff 77 20 48 8b 47 68 e8 c2 f2 1f
[   27.498868] RSP: 0000:ffffc19240003fd8 EFLAGS: 00000086
[   27.498868] RAX: 0000000080000000 RBX: 0000000000000022 RCX: 000000062c1=
38e70
[   27.498868] RDX: 00000000000f00a5 RSI: 000000062c138e31 RDI: ffff9f10c7c=
0da00
[   27.498868] RBP: 0000000000000022 R08: fffffffffff0bdca R09: 00000000000=
29180
[   27.498868] R10: 0001009128a2c99d R11: 0000000000000000 R12: 00000000000=
00000
[   27.498868] R13: 0000000000000000 R14: 0000000000000000 R15: 00000000000=
00000
[   27.498868] FS:  0000000000000000(0000) GS:ffff9f109f400000(0000) knlGS:=
0000000000000000
[   27.498868] CS:  0010 DS: 0000 ES: 0000 CR0: 0000000080050033
[   27.498868] CR2: ffff9f0fc9e01000 CR3: 000000074900a001 CR4
[   27.498868] Call Trace:
[   27.498868]  <IRQ>
[   27.498868]  common_interrupt+0xf/0xf
[   27.498868]  </IRQ>
[   27.498868] RIP: 0010:mwait_idle+0x94/0x1c0
[   27.498868] Code: 00 5f 01 00 48 89 d1 0f 01 c8 48 8b 00 a8 08 0f 85 a3 =
00 00 00 e9 07 00 00 00 0f 00 2d 27 79 51 00 31 c0 48 89 c1 fb 0f 01 c9 <65=
> 8b 2d e5 49 92 77 66 66 66 66 90 e9 7c ff ff ff 65 8b 05 d4 49
[   27.498868] RSP: 0000:ffffffff89203ea8 EFLAGS: 00000246 ORIG_RAX: ffffff=
ffffffffdd
[   27.498868] RAX: 0000000000000000 RBX: 0000000000000000 RCX: 00000000000=
00000
[   27.498868] RDX: 0000000000000000 RSI: 0000000000000000 RDI: 000000050e9=
94e82
[   27.498868] RBP: 0000000000000000 R08: fffffffffff0cdba R09: 00000000000=
29180
[   27.498868] R10: 00010091281774e6 R11: 0000000000000000 R12: 00000000000=
00000
[   27.498868] R13: 0000000000000000 R14: 0000000000000000 R15: 00000000000=
00000
[   27.498868]  ? tick_nohz_idle_stop_tick+0xb3/0xc0
[   27.498868]  do_idle+0x1ad/0x230
[   27.498868]  cpu_startup_entry+0x19/0x20
[   27.498868]  start_kernel+0x521/0x53f
[   27.498868]  secondary_startup_64+0xb6/0xc0
[   27.498868] NMI: IOCK error (debug interrupt?) for reason 61 on CPU 0.
[   27.498868] CPU: 0 PID: 0 Comm: swapper/0 Not tainted 5.4.0-1.elr 27.498=
868] Hardware name: HP ProLiant DL388p Gen8, BIOS P70 07/01/2015
[   27.498868] RIP: 0010:do_IRQ+0x37/0xe0
[   27.498868] Code: 65 4c 8b 25 63 36 81 77 f7 d3 65 48 89 3d 59 36 81 77 =
e8 cc c7 6d ff 89 dd 65 c6 05 64 74 82 77 01 65 48 8b 3c ed 40 53 01 00 <48=
> 85 ff 74 4e 48 81 ff 00 f0 ff ff 77 20 48 8b 47 68 e8 c2 f2 1f
[   27.498868] RSP: 0000:ffffc19240003fd8 EFLAGS: 00000086
[   27.498868] RAX: 0000000080000000 RBX: 0000000000000022 RCX: 000000062c1=
38e70
[   27.498868] RDX: 00000000000f00a5 RSI: 000000062c138e31 RDI: ffff9f10c7c=
0da00
[   27.498868] RBP: 0000000000000022 R08: fffffffffff0bdca R09: 00000000000=
29180
[   27.498868] R10: 0001009128a2c99d R11: 0000000000000000 R12: 00000000000=
00000
[   27.498868] R13: 0000000000000000 R14: 0000000000000000 R15: 00000000000=
00000
[   27.498868] FS:  0000000000000000(0000) GS:ffff9f109f400000(0000) knlGS:=
0000000000000000
[   27.498868] CS:  0010 DS: 0000 ES: 0000 CR0: 0000000080050033
[   27.498868] CR2: ffff9f0fc9e01000 CR3: 000000074900a001 CR4: 00000000000=
606f0
[   27.498868] Call Trace:
[   27.498868]  <IRQ>
[   27.498868]  common_interrupt+0xf/0xf
[   27.498868]  </IRQ>
[   27.498868] RIP: 0010:mwait_idle+0x94/0x1c0
[   27.498868] Code: 00 5f 01 00 48 89 d1 0f 01 c8 48 8b 00 a8 08 0f 85 a3 =
00 00 00 e9 07 00 00 00 0f 00 2d 27 79 51 00 31 c0 48 89 c1 fb 0f 01 c9 <65=
92 77 66 66 66 66 90 e9 7c ff ff ff 65 8b 05 d4 49
[   27.498868] RSP: 0000:ffffffff89203ea8 EFLAGS: 00000246 ORIG_RAX: ffffff=
ffffffffdd
[   27.498868] RAX: 0000000000000000 RBX: 0000000000000000 RCX: 00000000000=
00000
[   27.498868] RDX: 0000000000000000 RSI: 0000000000000000 RDI: 000000050e9=
94e82
[   27.498868] RBP: 0000000000000000 R08: fffffffffff0cdba R09: 00000000000=
29180
[   27.498868] R10: 00010091281774e6 R11: 0000000000000000 R12: 00000000000=
00000
[   27.498868] R13: 0000000000000000 R14: 0000000000000000 R15: 00000000000=
00000
[   27.498868]  ? tick_nohz_idle_stop_tick+0xb3/0xc0
[   27.498868]  do_idle+0x1ad/0x230
[   27.498868]  cpu_startup_entry+0x19/0x20
[   27.498868]  start_kernel+0x521/0x53f
[   27.498868]  secondary_startup_64+0xb6/0xc0
[   37.963387] DMAR: DRHD: handling fault status reg 202
[   37.964382] DMAR: [DMA Read] Request device [01:00.2] PASID ffffffff fau=
lt addr bdf6f000 [fault reason 06] PTE Read access is not set
[   37.969040] clocksource: Switched to clocksource tsc
[   37.976281] NET: Registered protocol family 38
[   37.977803] Key type asymmetric registered
[   37.979205] Asymmetric key parser 'x509'38.326117] Block layer SCSI gene=
ric (bsg) driver version 0.4 loaded (major 247)
[   38.354549] DMAR: DRHD: handling fault status reg 302
[   38.483363] io scheduler mq-deadline registered
[   38.483229] DMAR: [DMA Read] Request device [01:00.2] PASID ffffffff fau=
lt addr bdf6f000 [fault reason 06] PTE Read access is not set
[   38.490536] io scheduler kyber registered
[   38.492001] io scheduler bfq registered
[   38.493709] atomic64_test: passed for x86-64 platform with CX8 and with =
SSE
[   38.506366] shpchp: Standard Hot Plug PCI Controller Driver version: 0.4
[   38.511473] input: Power Button as /devices/LNXSYSTM:00/LNXPWRBN:00/inpu=
t/input0
[   38.514125] ACPI: Power Button [PWRF]
[   38.517747] thermal LNXTHERM:00: registered as thermal_zone0
[   38.519998] ACPI: Thermal Zone [THM0] (8 C)
[   38.521534] ERST: Error Record Serialization Table (ERST) support is ini=
tialized.
[   38.524098] pstore: Registered erst as persistent store backend
[   38.526185] GHES: APEI firmware first mode is enabled by APEI bit and WH=
EA _OSC.
[   38.528992] Serial: 8250/16550 driver, 4 ports, IRQ sharing enabled
[   38.551775] 00:02: ttyS0 at I/O 0x3f8 (irq =3D 4, base_baud =3D 115200) =
is a 16550A
[   38.575137] serial8250: ttyS1 at I/O 0x2f8 (irq =3D 3, base_baud =3D 115=
200) is a 16550A
[   38.579209] Non-volatile m1.3
[   38.980704] Linux agpgart interface v0.103
[   38.986794] rdac: device handler registered
[   38.988402] hp_sw: device handler registered
[   38.989860] emc: device handler registered
[   38.991391] alua: device handler registered
[   38.992918] libphy: Fixed MDIO Bus: probed
[   38.994458] ehci_hcd: USB 2.0 'Enhanced' Host Controller (EHCI) Driver
[   38.996624] ehci-pci: EHCI PCI platform driver
[   38.998539] ehci-pci 0000:00:1a.0: EHCI Host Controller
[   39.000492] ehci-pci 0000:00:1a.0: new USB bus registered, assigned bus =
number 1
[   39.003028] ehci-pci 0000:00:1a.0: debug port 2
[   39.005587] ehci-pci 0000:00:1a.0: Using iommu dma mapping
[   39.007421] ehci-pci 0000:00:1a.0: DMAR: 32bit DMA uses non-identity map=
ping
[   39.013689] ehci-pci 0000:00:1a.0: cache line size of 64 is not supporte=
d
[   39.015990] ehci-pci 0000:00:1a.0: irq 21, io mem 0xf6c60000
[   39.024342] ehci-pci 0000:00:1a.0: USB 2.0 started, EHCI 1.00
[   39.026374] usb usb1: New USB device found, idVendor=3D1d6b, idProduct=
=3D0002, bcdDevice=3D 5.04
[   39.029128] usb usb1: New USB device strings: Mfr=3D3, Product=3D2, Seri=
alNumber=3D1
[   39.031521] usb usb1: Product: EHCI Host Controller
[   39.033235] usb usb1: Manufacturer: Linux 5.4.0-1.elrdy.x86_64 ehci_hcd
[   39.035433] usb usb1: SerialNumber: 0000:00:1a.0
[   39.037312] hub 1-0:1.0: USB hub found
[   39.038602] hub 1-0:1.0: 2 ports detected
[   39.040601] ehcid.0: EHCI Host Controller
[   39.442585] ehci-pci 0000:00:1d.0: new USB bus registered, assigned bus =
number 2
[   39.445220] ehci-pci 0000:00:1d.0: debug port 2
[   39.447471] ehci-pci 0000:00:1d.0: Using iommu dma mapping
[   39.449784] ehci-pci 0000:00:1d.0: DMAR: 32bit DMA uses non-identity map=
ping
[   39.456174] ehci-pci 0000:00:1d.0: cache line size of 64 is not supporte=
d
[   39.458515] ehci-pci 0000:00:1d.0: irq 20, io mem 0xf6c50000
[   39.467348] ehci-pci 0000:00:1d.0: USB 2.0 started, EHCI 1.00
[   39.469368] usb usb2: New USB device found, idVendor=3D1d6b, idProduct=
=3D0002, bcdDevice=3D 5.04
[   39.472545] usb usb2: New USB device strings: Mfr=3D3, Product=3D2, Seri=
alNumber=3D1
[   39.474963] usb usb2: Product: EHCI Host Controller
[   39.476605] usb usb2: Manufacturer: Linux 5.4.0-1.elrdy.x86_64 ehci_hcd
[   39.478797] usb usb2: SerialNumber: 0000:00:1d.0
[   39.480599] hub 2-0:1.0: USB hub found
[   39.481906] hub 2-0:1.0: 2 ports detected
[   39.483594] ohci_hcd: USB 1.1 'Open' Host Controller (OHCI) Driver
[   39.485754] ohci-pci: OHCI PCI platform driver
[   39.487402] uhci_hcd: USB Universal Host Controller Interface driver
[   3 0000:01:00.4: UHCI Host Controller
[   39.991418] uhci_hcd 0000:01:00.4: new USB bus registered, assigned bus =
number 3
[   39.993992] uhci_hcd 0000:01:00.4: detected 8 ports
[   39.995643] uhci_hcd 0000:01:00.4: port count misdetected? forcing to 2 =
ports
[   39.998040] uhci_hcd 0000:01:00.4: irq 16, io base 0x00003c00
[   40.000159] uhci_hcd 0000:01:00.4: DMAR: 32bit DMA uses non-identity map=
ping
[   40.002591] uhci_hcd 0000:01:00.4: unable to allocate consistent memory =
for frame list
[   40.005225] uhci_hcd 0000:01:00.4: startup error -16
[   40.006881] uhci_hcd 0000:01:00.4: USB bus 3 deregistered
[   40.008891] uhci_hcd 0000:01:00.4: init 0000:01:00.4 fail, -16
[   40.010882] uhci_hcd: probe of 0000:01:00.4 failed with error -16
[   40.013260] usbcore: registered new interface driver usbserial_generic
[   40.015554] usbserial: USB Serial support registered for generic
[   40.017670] i8042: PNP: PS/2 Controller [PNP0303:KBD,PNP0f0e:PS2M] at 0x=
60,0x64 irq 1,12
[   40.023064] serio: i8042 KBD port at 0x60,0x64 irq 1
[   40.024809] serio: i8042 AUX port at 0x60,0x64 irq 12
[   40.026831] mousedev: PS/2 mouse device common for all mice
[   40.029084] rtc_cmos 00:0om S4
[   40.122366] usb 1-1: new high-speed USB device number 2 using ehci-pci
[   40.530546] dmar_fault: 3 callbacks suppressed
[   40.530547] DMAR: DRHD: handling fault status reg 502
[   40.530550] DMAR: [DMA Read] Request device [01:00.2] PASID ffffffff fau=
lt addr bdf6f000 [fault reason 06] PTE Read access is not set
[   40.530862] rtc_cmos 00:03: registered as rtc0
[   40.541475] rtc_cmos 00:03: alarms up to one day, 114 bytes nvram, hpet =
irqs
[   40.543929] intel_pstate: Intel P-state driver initializing
[   40.548702] hidraw: raw HID events driver (C) Jiri Kosina
[   40.550559] usbcore: registered new interface driver usbhid
[   40.552493] usbhid: USB HID core driver
[   40.553883] drop_monitor: Initializing network drop monitor service
[   40.556064] Initializing XFRM netlink socket
[   40.557787] NET: Registered protocol family 10
[   40.559874] Segment Routing with IPv6
[   40.561167] NET: Registered protocol family 17
[   40.562922] mpls_gso: MPLS GSO support
[   40.567394] microcode: sig=3D0x206d7, pf=3D0x1, revision=3D0x710
[   40.569957] microcode: Microcode Update Driver: v2.2.
[   40.569960] IPI shorthand broadcast: enabl4325] usb 2-1: new high-speed =
USB device number 2 using ehci-pci
[   40.680863] AVX version of gcm_enc/dec engaged.
[   40.976911] AES CTR mode by8 optimization enabled
[   41.041865] usb 1-1: New USB device found, idVendor=3D8087, idProduct=3D=
0024, bcdDevice=3D 0.00
[   41.044686] usb 1-1: New USB device strings: Mfr=3D0, Product=3D0, Seria=
lNumber=3D0
[   41.047567] hub 1-1:1.0: USB hub found
[   41.049124] hub 1-1:1.0: 6 ports detected
[   41.069397] sched_clock: Marking stable (36280828753, 4788532579)->(4211=
7913144, -1048551812)
[   41.072745] registered taskstats version 1
[   41.074169] Loading compiled-in X.509 certificates
[   41.104029] usb 2-1: New USB device found, idVendor=3D8087, idProduct=3D=
